Feb 21 01:23:35 raspberrypi kernel: [    0.000000] Booting Linux on physical CPU 0x0
Feb 21 01:23:35 raspberrypi kernel: [    0.000000] Linux version 5.15.84-v7+ (dom@buildbot) (arm-linux-gnueabihf-gcc-8 (Ubuntu/Linaro 8.4.0-3ubuntu1) 8.4.0, GNU ld (GNU Binutils for Ubuntu) 2.34) #1613 SMP Thu Jan 5 11:59:48 GMT 2023
Feb 21 01:23:35 raspberrypi kernel: [    0.000000] CPU: ARMv7 Processor [410fd034] revision 4 (ARMv7), cr=10c5383d
Feb 21 01:23:35 raspberrypi kernel: [    0.000000] CPU: div instructions available: patching division code
Feb 21 01:23:35 raspberrypi kernel: [    0.000000] CPU: PIPT / VIPT nonaliasing data cache, VIPT aliasing instruction cache
Feb 21 01:23:35 raspberrypi kernel: [    0.000000] OF: fdt: Machine model: Raspberry Pi 3 Model B Rev 1.2
Feb 21 01:23:35 raspberrypi kernel: [    0.000000] random: crng init done
Feb 21 01:23:35 raspberrypi kernel: [    0.000000] Memory policy: Data cache writealloc
Feb 21 01:23:35 raspberrypi kernel: [    0.000000] Reserved memory: created CMA memory pool at 0x1ec00000, size 256 MiB
Feb 21 01:23:35 raspberrypi kernel: [    0.000000] OF: reserved mem: initialized node linux,cma, compatible id shared-dma-pool
Feb 21 01:23:35 raspberrypi kernel: [    0.000000] Zone ranges:
Feb 21 01:23:35 raspberrypi kernel: [    0.000000]   DMA      [mem 0x0000000000000000-0x000000003b3fffff]
Feb 21 01:23:35 raspberrypi kernel: [    0.000000]   Normal   empty
Feb 21 01:23:35 raspberrypi kernel: [    0.000000] Movable zone start for each node
Feb 21 01:23:35 raspberrypi kernel: [    0.000000] Early memory node ranges
Feb 21 01:23:35 raspberrypi kernel: [    0.000000]   node   0: [mem 0x0000000000000000-0x000000003b3fffff]
Feb 21 01:23:35 raspberrypi kernel: [    0.000000] Initmem setup node 0 [mem 0x0000000000000000-0x000000003b3fffff]
Feb 21 01:23:35 raspberrypi kernel: [    0.000000] percpu: Embedded 16 pages/cpu s35724 r8192 d21620 u65536
Feb 21 01:23:35 raspberrypi kernel: [    0.000000] Built 1 zonelists, mobility grouping on.  Total pages: 240555
Feb 21 01:23:35 raspberrypi kernel: [    0.000000] Kernel command line: coherent_pool=1M 8250.nr_uarts=0 snd_bcm2835.enable_compat_alsa=0 snd_bcm2835.enable_hdmi=1 video=HDMI-A-1:1920x1080M@60 vc_mem.mem_base=0x3ec00000 vc_mem.mem_size=0x40000000  console=ttyS0,115200 console=tty1 root=PARTUUID=04fd4e24-02 rootfstype=ext4 fsck.repair=yes rootwait
Feb 21 01:23:35 raspberrypi kernel: [    0.000000] Dentry cache hash table entries: 131072 (order: 7, 524288 bytes, linear)
Feb 21 01:23:35 raspberrypi kernel: [    0.000000] Inode-cache hash table entries: 65536 (order: 6, 262144 bytes, linear)
Feb 21 01:23:35 raspberrypi kernel: [    0.000000] mem auto-init: stack:off, heap alloc:off, heap free:off
Feb 21 01:23:35 raspberrypi kernel: [    0.000000] Memory: 681100K/970752K available (10240K kernel code, 1337K rwdata, 3076K rodata, 1024K init, 569K bss, 27508K reserved, 262144K cma-reserved)
Feb 21 01:23:35 raspberrypi kernel: [    0.000000] SLUB: HWalign=64, Order=0-3, MinObjects=0, CPUs=4, Nodes=1
Feb 21 01:23:35 raspberrypi kernel: [    0.000000] ftrace: allocating 33312 entries in 98 pages
Feb 21 01:23:35 raspberrypi kernel: [    0.000000] ftrace: allocated 98 pages with 3 groups
Feb 21 01:23:35 raspberrypi kernel: [    0.000000] trace event string verifier disabled
Feb 21 01:23:35 raspberrypi kernel: [    0.000000] rcu: Hierarchical RCU implementation.
Feb 21 01:23:35 raspberrypi kernel: [    0.000000] 	Rude variant of Tasks RCU enabled.
Feb 21 01:23:35 raspberrypi kernel: [    0.000000] 	Tracing variant of Tasks RCU enabled.
Feb 21 01:23:35 raspberrypi kernel: [    0.000000] rcu: RCU calculated value of scheduler-enlistment delay is 10 jiffies.
Feb 21 01:23:35 raspberrypi kernel: [    0.000000] NR_IRQS: 16, nr_irqs: 16, preallocated irqs: 16
Feb 21 01:23:35 raspberrypi kernel: [    0.000000] arch_timer: cp15 timer(s) running at 19.20MHz (phys).
Feb 21 01:23:35 raspberrypi kernel: [    0.000000] clocksource: arch_sys_counter: mask: 0xffffffffffffff max_cycles: 0x46d987e47, max_idle_ns: 440795202767 ns
Feb 21 01:23:35 raspberrypi kernel: [    0.000001] sched_clock: 56 bits at 19MHz, resolution 52ns, wraps every 4398046511078ns
Feb 21 01:23:35 raspberrypi kernel: [    0.000024] Switching to timer-based delay loop, resolution 52ns
Feb 21 01:23:35 raspberrypi kernel: [    0.000454] Console: colour dummy device 80x30
Feb 21 01:23:35 raspberrypi kernel: [    0.001261] printk: console [tty1] enabled
Feb 21 01:23:35 raspberrypi kernel: [    0.001343] Calibrating delay loop (skipped), value calculated using timer frequency.. 38.40 BogoMIPS (lpj=192000)
Feb 21 01:23:35 raspberrypi kernel: [    0.001403] pid_max: default: 32768 minimum: 301
Feb 21 01:23:35 raspberrypi kernel: [    0.001585] LSM: Security Framework initializing
Feb 21 01:23:35 raspberrypi kernel: [    0.001847] Mount-cache hash table entries: 2048 (order: 1, 8192 bytes, linear)
Feb 21 01:23:35 raspberrypi kernel: [    0.001900] Mountpoint-cache hash table entries: 2048 (order: 1, 8192 bytes, linear)
Feb 21 01:23:35 raspberrypi kernel: [    0.003563] cgroup: Disabling memory control group subsystem
Feb 21 01:23:35 raspberrypi kernel: [    0.003884] CPU: Testing write buffer coherency: ok
Feb 21 01:23:35 raspberrypi kernel: [    0.004477] CPU0: thread -1, cpu 0, socket 0, mpidr 80000000
Feb 21 01:23:35 raspberrypi kernel: [    0.006018] Setting up static identity map for 0x100000 - 0x10003c
Feb 21 01:23:35 raspberrypi kernel: [    0.006231] rcu: Hierarchical SRCU implementation.
Feb 21 01:23:35 raspberrypi kernel: [    0.007268] smp: Bringing up secondary CPUs ...
Feb 21 01:23:35 raspberrypi kernel: [    0.008439] CPU1: thread -1, cpu 1, socket 0, mpidr 80000001
Feb 21 01:23:35 raspberrypi kernel: [    0.009801] CPU2: thread -1, cpu 2, socket 0, mpidr 80000002
Feb 21 01:23:35 raspberrypi kernel: [    0.011137] CPU3: thread -1, cpu 3, socket 0, mpidr 80000003
Feb 21 01:23:35 raspberrypi kernel: [    0.011289] smp: Brought up 1 node, 4 CPUs
Feb 21 01:23:35 raspberrypi kernel: [    0.011393] SMP: Total of 4 processors activated (153.60 BogoMIPS).
Feb 21 01:23:35 raspberrypi kernel: [    0.011430] CPU: All CPU(s) started in HYP mode.
Feb 21 01:23:35 raspberrypi kernel: [    0.011457] CPU: Virtualization extensions available.
Feb 21 01:23:35 raspberrypi kernel: [    0.012474] devtmpfs: initialized
Feb 21 01:23:35 raspberrypi kernel: [    0.030933] VFP support v0.3: implementor 41 architecture 3 part 40 variant 3 rev 4
Feb 21 01:23:35 raspberrypi kernel: [    0.031211] clocksource: jiffies: mask: 0xffffffff max_cycles: 0xffffffff, max_idle_ns: 19112604462750000 ns
Feb 21 01:23:35 raspberrypi kernel: [    0.031282] futex hash table entries: 1024 (order: 4, 65536 bytes, linear)
Feb 21 01:23:35 raspberrypi kernel: [    0.043701] pinctrl core: initialized pinctrl subsystem
Feb 21 01:23:35 raspberrypi kernel: [    0.045186] NET: Registered PF_NETLINK/PF_ROUTE protocol family
Feb 21 01:23:35 raspberrypi kernel: [    0.049895] DMA: preallocated 1024 KiB pool for atomic coherent allocations
Feb 21 01:23:35 raspberrypi kernel: [    0.055648] audit: initializing netlink subsys (disabled)
Feb 21 01:23:35 raspberrypi kernel: [    0.055990] audit: type=2000 audit(0.050:1): state=initialized audit_enabled=0 res=1
Feb 21 01:23:35 raspberrypi kernel: [    0.056662] thermal_sys: Registered thermal governor 'step_wise'
Feb 21 01:23:35 raspberrypi kernel: [    0.057653] hw-breakpoint: found 5 (+1 reserved) breakpoint and 4 watchpoint registers.
Feb 21 01:23:35 raspberrypi kernel: [    0.057721] hw-breakpoint: maximum watchpoint size is 8 bytes.
Feb 21 01:23:35 raspberrypi kernel: [    0.058021] Serial: AMBA PL011 UART driver
Feb 21 01:23:35 raspberrypi kernel: [    0.068001] bcm2835-mbox 3f00b880.mailbox: mailbox enabled
Feb 21 01:23:35 raspberrypi kernel: [    0.100139] raspberrypi-firmware soc:firmware: Attached to firmware from 2023-01-05T10:48:31, variant start
Feb 21 01:23:35 raspberrypi kernel: [    0.110157] raspberrypi-firmware soc:firmware: Firmware hash is 8ba17717fbcedd4c3b6d4bce7e50c7af4155cba9
Feb 21 01:23:35 raspberrypi kernel: [    0.159862] Kprobes globally optimized
Feb 21 01:23:35 raspberrypi kernel: [    0.165616] bcm2835-dma 3f007000.dma: DMA legacy API manager, dmachans=0x1
Feb 21 01:23:35 raspberrypi kernel: [    0.168019] SCSI subsystem initialized
Feb 21 01:23:35 raspberrypi kernel: [    0.168315] usbcore: registered new interface driver usbfs
Feb 21 01:23:35 raspberrypi kernel: [    0.168413] usbcore: registered new interface driver hub
Feb 21 01:23:35 raspberrypi kernel: [    0.168506] usbcore: registered new device driver usb
Feb 21 01:23:35 raspberrypi kernel: [    0.168914] usb_phy_generic phy: supply vcc not found, using dummy regulator
Feb 21 01:23:35 raspberrypi kernel: [    0.169132] usb_phy_generic phy: dummy supplies not allowed for exclusive requests
Feb 21 01:23:35 raspberrypi kernel: [    0.169435] pps_core: LinuxPPS API ver. 1 registered
Feb 21 01:23:35 raspberrypi kernel: [    0.169468] pps_core: Software ver. 5.3.6 - Copyright 2005-2007 Rodolfo Giometti <giometti@linux.it>
Feb 21 01:23:35 raspberrypi kernel: [    0.169528] PTP clock support registered
Feb 21 01:23:35 raspberrypi kernel: [    0.171817] clocksource: Switched to clocksource arch_sys_counter
Feb 21 01:23:35 raspberrypi kernel: [    0.242582] VFS: Disk quotas dquot_6.6.0
Feb 21 01:23:35 raspberrypi kernel: [    0.242743] VFS: Dquot-cache hash table entries: 1024 (order 0, 4096 bytes)
Feb 21 01:23:35 raspberrypi kernel: [    0.242982] FS-Cache: Loaded
Feb 21 01:23:35 raspberrypi kernel: [    0.243268] CacheFiles: Loaded
Feb 21 01:23:35 raspberrypi kernel: [    0.244327] simple-framebuffer 3e402000.framebuffer: framebuffer at 0x3e402000, 0x7f8000 bytes
Feb 21 01:23:35 raspberrypi kernel: [    0.244381] simple-framebuffer 3e402000.framebuffer: format=a8r8g8b8, mode=1920x1080x32, linelength=7680
Feb 21 01:23:35 raspberrypi kernel: [    0.280103] Console: switching to colour frame buffer device 240x67
Feb 21 01:23:35 raspberrypi kernel: [    0.313339] simple-framebuffer 3e402000.framebuffer: fb0: simplefb registered!
Feb 21 01:23:35 raspberrypi kernel: [    0.323271] NET: Registered PF_INET protocol family
Feb 21 01:23:35 raspberrypi kernel: [    0.323746] IP idents hash table entries: 16384 (order: 5, 131072 bytes, linear)
Feb 21 01:23:35 raspberrypi kernel: [    0.325643] tcp_listen_portaddr_hash hash table entries: 512 (order: 0, 6144 bytes, linear)
Feb 21 01:23:35 raspberrypi kernel: [    0.325933] Table-perturb hash table entries: 65536 (order: 6, 262144 bytes, linear)
Feb 21 01:23:35 raspberrypi kernel: [    0.326178] TCP established hash table entries: 8192 (order: 3, 32768 bytes, linear)
Feb 21 01:23:35 raspberrypi kernel: [    0.326528] TCP bind hash table entries: 8192 (order: 4, 65536 bytes, linear)
Feb 21 01:23:35 raspberrypi kernel: [    0.326927] TCP: Hash tables configured (established 8192 bind 8192)
Feb 21 01:23:35 raspberrypi kernel: [    0.327296] UDP hash table entries: 512 (order: 2, 16384 bytes, linear)
Feb 21 01:23:35 raspberrypi kernel: [    0.327548] UDP-Lite hash table entries: 512 (order: 2, 16384 bytes, linear)
Feb 21 01:23:35 raspberrypi kernel: [    0.328056] NET: Registered PF_UNIX/PF_LOCAL protocol family
Feb 21 01:23:35 raspberrypi kernel: [    0.329345] RPC: Registered named UNIX socket transport module.
Feb 21 01:23:35 raspberrypi mtp-probe: checking bus 1, device 3: "/sys/devices/platform/soc/3f980000.usb/usb1/1-1/1-1.1"
Feb 21 01:23:35 raspberrypi mtp-probe: checking bus 1, device 4: "/sys/devices/platform/soc/3f980000.usb/usb1/1-1/1-1.3"
Feb 21 01:23:35 raspberrypi mtp-probe: bus: 1, device: 4 was not an MTP device
Feb 21 01:23:35 raspberrypi kernel: [    0.329536] RPC: Registered udp transport module.
Feb 21 01:23:35 raspberrypi kernel: [    0.329687] RPC: Registered tcp transport module.
Feb 21 01:23:35 raspberrypi kernel: [    0.329837] RPC: Registered tcp NFSv4.1 backchannel transport module.
Feb 21 01:23:35 raspberrypi kernel: [    1.881493] hw perfevents: enabled with armv7_cortex_a7 PMU driver, 7 counters available
Feb 21 01:23:35 raspberrypi kernel: [    1.921091] Initialise system trusted keyrings
Feb 21 01:23:35 raspberrypi mtp-probe: bus: 1, device: 3 was not an MTP device
Feb 21 01:23:35 raspberrypi kernel: [    1.921604] workingset: timestamp_bits=14 max_order=18 bucket_order=4
Feb 21 01:23:35 raspberrypi kernel: [    1.931934] zbud: loaded
Feb 21 01:23:35 raspberrypi kernel: [    1.934276] FS-Cache: Netfs 'nfs' registered for caching
Feb 21 01:23:35 raspberrypi kernel: [    1.935436] NFS: Registering the id_resolver key type
Feb 21 01:23:35 raspberrypi kernel: [    1.935645] Key type id_resolver registered
Feb 21 01:23:35 raspberrypi kernel: [    1.935785] Key type id_legacy registered
Feb 21 01:23:35 raspberrypi kernel: [    1.936039] nfs4filelayout_init: NFSv4 File Layout Driver Registering...
Feb 21 01:23:35 raspberrypi kernel: [    1.936247] nfs4flexfilelayout_init: NFSv4 Flexfile Layout Driver Registering...
Feb 21 01:23:35 raspberrypi kernel: [    1.937729] Key type asymmetric registered
Feb 21 01:23:35 raspberrypi kernel: [    1.937871] Asymmetric key parser 'x509' registered
Feb 21 01:23:35 raspberrypi kernel: [    1.938114] Block layer SCSI generic (bsg) driver version 0.4 loaded (major 247)
Feb 21 01:23:35 raspberrypi kernel: [    1.938342] io scheduler mq-deadline registered
Feb 21 01:23:35 raspberrypi kernel: [    1.938490] io scheduler kyber registered
Feb 21 01:23:35 raspberrypi kernel: [    1.951838] bcm2835-rng 3f104000.rng: hwrng registered
Feb 21 01:23:35 raspberrypi kernel: [    1.952630] vc-mem: phys_addr:0x00000000 mem_base=0x3ec00000 mem_size:0x40000000(1024 MiB)
Feb 21 01:23:35 raspberrypi kernel: [    1.962957] gpiomem-bcm2835 3f200000.gpiomem: Initialised: Registers at 0x3f200000
Feb 21 01:23:35 raspberrypi kernel: [    1.984407] brd: module loaded
Feb 21 01:23:35 raspberrypi kernel: [    2.003476] loop: module loaded
Feb 21 01:23:35 raspberrypi kernel: [    2.013204] Loading iSCSI transport class v2.0-870.
Feb 21 01:23:35 raspberrypi kernel: [    2.024105] usbcore: registered new interface driver lan78xx
Feb 21 01:23:35 raspberrypi kernel: [    2.032986] usbcore: registered new interface driver smsc95xx
Feb 21 01:23:35 raspberrypi kernel: [    2.041609] dwc_otg: version 3.00a 10-AUG-2012 (platform bus)
Feb 21 01:23:35 raspberrypi kernel: [    2.778559] Core Release: 2.80a
Feb 21 01:23:35 raspberrypi kernel: [    2.787156] Setting default values for core params
Feb 21 01:23:35 raspberrypi kernel: [    2.795745] Finished setting default values for core params
Feb 21 01:23:35 raspberrypi kernel: [    3.004709] Using Buffer DMA mode
Feb 21 01:23:35 raspberrypi kernel: [    3.013330] Periodic Transfer Interrupt Enhancement - disabled
Feb 21 01:23:35 raspberrypi kernel: [    3.022097] Multiprocessor Interrupt Enhancement - disabled
Feb 21 01:23:35 raspberrypi kernel: [    3.030798] OTG VER PARAM: 0, OTG VER FLAG: 0
Feb 21 01:23:35 raspberrypi kernel: [    3.039582] Dedicated Tx FIFOs mode
Feb 21 01:23:35 raspberrypi kernel: [    3.048946] 
Feb 21 01:23:35 raspberrypi kernel: [    3.048959] WARN::dwc_otg_hcd_init:1074: FIQ DMA bounce buffers: virt = 9ed04000 dma = 0xded04000 len=9024
Feb 21 01:23:35 raspberrypi kernel: [    3.066305] FIQ FSM acceleration enabled for :
Feb 21 01:23:35 raspberrypi kernel: [    3.066305] Non-periodic Split Transactions
Feb 21 01:23:35 raspberrypi kernel: [    3.066305] Periodic Split Transactions
Feb 21 01:23:35 raspberrypi kernel: [    3.066305] High-Speed Isochronous Endpoints
Feb 21 01:23:35 raspberrypi kernel: [    3.066305] Interrupt/Control Split Transaction hack enabled
Feb 21 01:23:35 raspberrypi kernel: [    3.109357] 
Feb 21 01:23:35 raspberrypi kernel: [    3.109364] WARN::hcd_init_fiq:457: FIQ on core 1
Feb 21 01:23:35 raspberrypi kernel: [    3.126291] 
Feb 21 01:23:35 raspberrypi kernel: [    3.126296] WARN::hcd_init_fiq:458: FIQ ASM at 807fc54c length 36
Feb 21 01:23:35 raspberrypi kernel: [    3.143123] 
Feb 21 01:23:35 raspberrypi kernel: [    3.143128] WARN::hcd_init_fiq:497: MPHI regs_base at bb810000
Feb 21 01:23:35 raspberrypi kernel: [    3.159741] dwc_otg 3f980000.usb: DWC OTG Controller
Feb 21 01:23:35 raspberrypi kernel: [    3.168149] dwc_otg 3f980000.usb: new USB bus registered, assigned bus number 1
Feb 21 01:23:35 raspberrypi kernel: [    3.176507] dwc_otg 3f980000.usb: irq 89, io mem 0x00000000
Feb 21 01:23:35 raspberrypi kernel: [    3.184790] Init: Port Power? op_state=1
Feb 21 01:23:35 raspberrypi kernel: [    3.192919] Init: Power Port (0)
Feb 21 01:23:35 raspberrypi kernel: [    3.201286] usb usb1: New USB device found, idVendor=1d6b, idProduct=0002, bcdDevice= 5.15
Feb 21 01:23:35 raspberrypi kernel: [    3.209427] usb usb1: New USB device strings: Mfr=3, Product=2, SerialNumber=1
Feb 21 01:23:35 raspberrypi kernel: [    3.217542] usb usb1: Product: DWC OTG Controller
Feb 21 01:23:35 raspberrypi kernel: [    3.225579] usb usb1: Manufacturer: Linux 5.15.84-v7+ dwc_otg_hcd
Feb 21 01:23:35 raspberrypi kernel: [    3.233628] usb usb1: SerialNumber: 3f980000.usb
Feb 21 01:23:35 raspberrypi kernel: [    3.242369] hub 1-0:1.0: USB hub found
Feb 21 01:23:35 raspberrypi kernel: [    3.250305] hub 1-0:1.0: 1 port detected
Feb 21 01:23:35 raspberrypi kernel: [    3.259461] usbcore: registered new interface driver usb-storage
Feb 21 01:23:35 raspberrypi kernel: [    3.267619] mousedev: PS/2 mouse device common for all mice
Feb 21 01:23:35 raspberrypi kernel: [    3.279327] sdhci: Secure Digital Host Controller Interface driver
Feb 21 01:23:35 raspberrypi kernel: [    3.287401] sdhci: Copyright(c) Pierre Ossman
Feb 21 01:23:35 raspberrypi kernel: [    3.295932] sdhci-pltfm: SDHCI platform and OF driver helper
Feb 21 01:23:35 raspberrypi kernel: [    3.306762] ledtrig-cpu: registered to indicate activity on CPUs
Feb 21 01:23:35 raspberrypi kernel: [    3.315151] hid: raw HID events driver (C) Jiri Kosina
Feb 21 01:23:35 raspberrypi kernel: [    3.323250] usbcore: registered new interface driver usbhid
Feb 21 01:23:35 raspberrypi kernel: [    3.331094] usbhid: USB HID core driver
Feb 21 01:23:35 raspberrypi kernel: [    3.344843] Initializing XFRM netlink socket
Feb 21 01:23:35 raspberrypi kernel: [    3.352885] NET: Registered PF_PACKET protocol family
Feb 21 01:23:35 raspberrypi kernel: [    3.360914] Key type dns_resolver registered
Feb 21 01:23:35 raspberrypi kernel: [    3.369430] Registering SWP/SWPB emulation handler
Feb 21 01:23:35 raspberrypi kernel: [    3.378013] registered taskstats version 1
Feb 21 01:23:35 raspberrypi kernel: [    3.386031] Indeed it is in host mode hprt0 = 00021501
Feb 21 01:23:35 raspberrypi kernel: [    3.393824] Loading compiled-in X.509 certificates
Feb 21 01:23:35 raspberrypi kernel: [    3.454516] Key type .fscrypt registered
Feb 21 01:23:35 raspberrypi kernel: [    3.462298] Key type fscrypt-provisioning registered
Feb 21 01:23:35 raspberrypi kernel: [    3.482912] uart-pl011 3f201000.serial: cts_event_workaround enabled
Feb 21 01:23:35 raspberrypi kernel: [    3.490951] 3f201000.serial: ttyAMA0 at MMIO 0x3f201000 (irq = 114, base_baud = 0) is a PL011 rev2
Feb 21 01:23:35 raspberrypi kernel: [    3.502145] bcm2835-wdt bcm2835-wdt: Broadcom BCM2835 watchdog timer
Feb 21 01:23:35 raspberrypi kernel: [    3.510484] bcm2835-power bcm2835-power: Broadcom BCM2835 power domains driver
Feb 21 01:23:35 raspberrypi kernel: [    3.520397] mmc-bcm2835 3f300000.mmcnr: mmc_debug:0 mmc_debug2:0
Feb 21 01:23:35 raspberrypi kernel: [    3.528244] mmc-bcm2835 3f300000.mmcnr: DMA channel allocated
Feb 21 01:23:35 raspberrypi kernel: [    3.566676] sdhost: log_buf @ 91062b21 (ded07000)
Feb 21 01:23:35 raspberrypi kernel: [    3.601855] usb 1-1: new high-speed USB device number 2 using dwc_otg
Feb 21 01:23:35 raspberrypi kernel: [    3.602048] Indeed it is in host mode hprt0 = 00001101
Feb 21 01:23:35 raspberrypi kernel: [    3.624590] mmc0: sdhost-bcm2835 loaded - DMA enabled (>1)
Feb 21 01:23:35 raspberrypi kernel: [    3.635392] of_cfs_init
Feb 21 01:23:35 raspberrypi kernel: [    3.643505] of_cfs_init: OK
Feb 21 01:23:35 raspberrypi kernel: [    3.653718] Waiting for root device PARTUUID=04fd4e24-02...
Feb 21 01:23:35 raspberrypi kernel: [    3.722739] mmc0: host does not support reading read-only switch, assuming write-enable
Feb 21 01:23:35 raspberrypi kernel: [    3.736942] mmc0: new high speed SDHC card at address aaaa
Feb 21 01:23:35 raspberrypi kernel: [    3.746304] mmcblk0: mmc0:aaaa SC32G 29.7 GiB 
Feb 21 01:23:35 raspberrypi kernel: [    3.761652]  mmcblk0: p1 p2
Feb 21 01:23:35 raspberrypi kernel: [    3.774112] mmc1: new high speed SDIO card at address 0001
Feb 21 01:23:35 raspberrypi kernel: [    3.783091] mmcblk0: mmc0:aaaa SC32G 29.7 GiB (quirks 0x00004000)
Feb 21 01:23:35 raspberrypi kernel: [    3.826056] EXT4-fs (mmcblk0p2): mounted filesystem with ordered data mode. Opts: (null). Quota mode: none.
Feb 21 01:23:35 raspberrypi kernel: [    3.834443] VFS: Mounted root (ext4 filesystem) readonly on device 179:2.
Feb 21 01:23:35 raspberrypi kernel: [    3.852219] usb 1-1: New USB device found, idVendor=0424, idProduct=9514, bcdDevice= 2.00
Feb 21 01:23:35 raspberrypi kernel: [    3.852989] devtmpfs: mounted
Feb 21 01:23:35 raspberrypi kernel: [    3.860414] usb 1-1: New USB device strings: Mfr=0, Product=0, SerialNumber=0
Feb 21 01:23:35 raspberrypi kernel: [    3.878408] hub 1-1:1.0: USB hub found
Feb 21 01:23:35 raspberrypi kernel: [    3.879124] Freeing unused kernel image (initmem) memory: 1024K
Feb 21 01:23:35 raspberrypi kernel: [    3.886879] hub 1-1:1.0: 5 ports detected
Feb 21 01:23:35 raspberrypi kernel: [    3.903924] Run /sbin/init as init process
Feb 21 01:23:35 raspberrypi kernel: [    4.221895] usb 1-1.1: new high-speed USB device number 3 using dwc_otg
Feb 21 01:23:35 raspberrypi kernel: [    4.352230] usb 1-1.1: New USB device found, idVendor=0424, idProduct=ec00, bcdDevice= 2.00
Feb 21 01:23:35 raspberrypi kernel: [    4.360946] usb 1-1.1: New USB device strings: Mfr=0, Product=0, SerialNumber=0
Feb 21 01:23:35 raspberrypi kernel: [    4.372617] smsc95xx v2.0.0
Feb 21 01:23:35 raspberrypi kernel: [    4.575211] SMSC LAN8700 usb-001:003:01: attached PHY driver (mii_bus:phy_addr=usb-001:003:01, irq=POLL)
Feb 21 01:23:35 raspberrypi kernel: [    4.585095] smsc95xx 1-1.1:1.0 eth0: register 'smsc95xx' at usb-3f980000.usb-1.1, smsc95xx USB 2.0 Ethernet, b8:27:eb:6b:e7:2b
Feb 21 01:23:35 raspberrypi kernel: [    4.691915] usb 1-1.3: new low-speed USB device number 4 using dwc_otg
Feb 21 01:23:35 raspberrypi kernel: [    4.722116] NET: Registered PF_INET6 protocol family
Feb 21 01:23:35 raspberrypi kernel: [    4.733155] Segment Routing with IPv6
Feb 21 01:23:35 raspberrypi kernel: [    4.742056] In-situ OAM (IOAM) with IPv6
Feb 21 01:23:35 raspberrypi kernel: [    4.851615] usb 1-1.3: New USB device found, idVendor=04b3, idProduct=3025, bcdDevice= 1.02
Feb 21 01:23:35 raspberrypi kernel: [    4.869743] usb 1-1.3: New USB device strings: Mfr=1, Product=2, SerialNumber=0
Feb 21 01:23:35 raspberrypi kernel: [    4.879540] usb 1-1.3: Product: USB NetVista Full Width Keyboard
Feb 21 01:23:35 raspberrypi kernel: [    4.879559] usb 1-1.3: Manufacturer: CHICONY
Feb 21 01:23:35 raspberrypi kernel: [    4.910351] input: CHICONY USB NetVista Full Width Keyboard as /devices/platform/soc/3f980000.usb/usb1/1-1/1-1.3/1-1.3:1.0/0003:04B3:3025.0001/input/input0
Feb 21 01:23:35 raspberrypi kernel: [    4.982674] hid-generic 0003:04B3:3025.0001: input,hidraw0: USB HID v1.10 Keyboard [CHICONY USB NetVista Full Width Keyboard] on usb-3f980000.usb-1.3/input0
Feb 21 01:23:35 raspberrypi kernel: [    7.062010] fuse: init (API version 7.34)
Feb 21 01:23:35 raspberrypi kernel: [    7.813096] EXT4-fs (mmcblk0p2): re-mounted. Opts: (null). Quota mode: none.
Feb 21 01:23:36 raspberrypi kernel: [    9.455904] vc_sm_cma: module is from the staging directory, the quality is unknown, you have been warned.
Feb 21 01:23:36 raspberrypi kernel: [    9.464665] bcm2835_vc_sm_cma_probe: Videocore shared memory driver
Feb 21 01:23:36 raspberrypi kernel: [    9.464714] [vc_sm_connected_init]: start
Feb 21 01:23:36 raspberrypi kernel: [    9.474069] [vc_sm_connected_init]: installed successfully
Feb 21 01:23:36 raspberrypi kernel: [    9.474226] mc: Linux media interface: v0.10
Feb 21 01:23:36 raspberrypi kernel: [    9.713035] videodev: Linux video capture interface: v2.00
Feb 21 01:23:36 raspberrypi kernel: [    9.811492] snd_bcm2835: module is from the staging directory, the quality is unknown, you have been warned.
Feb 21 01:23:36 raspberrypi kernel: [    9.850429] bcm2835_audio bcm2835_audio: card created with 8 channels
Feb 21 01:23:36 raspberrypi kernel: [    9.879684] bcm2835_mmal_vchiq: module is from the staging directory, the quality is unknown, you have been warned.
Feb 21 01:23:36 raspberrypi kernel: [    9.882945] bcm2835_mmal_vchiq: module is from the staging directory, the quality is unknown, you have been warned.
Feb 21 01:23:36 raspberrypi kernel: [    9.907841] bcm2835_v4l2: module is from the staging directory, the quality is unknown, you have been warned.
Feb 21 01:23:36 raspberrypi kernel: [    9.910988] bcm2835_isp: module is from the staging directory, the quality is unknown, you have been warned.
Feb 21 01:23:36 raspberrypi kernel: [    9.922504] bcm2835_codec: module is from the staging directory, the quality is unknown, you have been warned.
Feb 21 01:23:36 raspberrypi kernel: [    9.996541] bcm2835-codec bcm2835-codec: Device registered as /dev/video10
Feb 21 01:23:36 raspberrypi kernel: [    9.996648] bcm2835-codec bcm2835-codec: Loaded V4L2 decode
Feb 21 01:23:36 raspberrypi kernel: [   10.014693] bcm2835-codec bcm2835-codec: Device registered as /dev/video11
Feb 21 01:23:36 raspberrypi kernel: [   10.014759] bcm2835-codec bcm2835-codec: Loaded V4L2 encode
Feb 21 01:23:36 raspberrypi kernel: [   10.032759] bcm2835-codec bcm2835-codec: Device registered as /dev/video12
Feb 21 01:23:36 raspberrypi kernel: [   10.032821] bcm2835-codec bcm2835-codec: Loaded V4L2 isp
Feb 21 01:23:36 raspberrypi kernel: [   10.044847] bcm2835-isp bcm2835-isp: Device node output[0] registered as /dev/video13
Feb 21 01:23:36 raspberrypi kernel: [   10.046512] bcm2835-codec bcm2835-codec: Device registered as /dev/video18
Feb 21 01:23:36 raspberrypi kernel: [   10.046577] bcm2835-codec bcm2835-codec: Loaded V4L2 image_fx
Feb 21 01:23:36 raspberrypi kernel: [   10.047308] bcm2835-isp bcm2835-isp: Device node capture[0] registered as /dev/video14
Feb 21 01:23:36 raspberrypi kernel: [   10.047897] bcm2835-isp bcm2835-isp: Device node capture[1] registered as /dev/video15
Feb 21 01:23:36 raspberrypi kernel: [   10.049582] bcm2835-isp bcm2835-isp: Device node stats[2] registered as /dev/video16
Feb 21 01:23:36 raspberrypi kernel: [   10.049697] bcm2835-isp bcm2835-isp: Register output node 0 with media controller
Feb 21 01:23:36 raspberrypi kernel: [   10.049741] bcm2835-isp bcm2835-isp: Register capture node 1 with media controller
Feb 21 01:23:36 raspberrypi kernel: [   10.049829] bcm2835-isp bcm2835-isp: Register capture node 2 with media controller
Feb 21 01:23:36 raspberrypi kernel: [   10.049851] bcm2835-isp bcm2835-isp: Register capture node 3 with media controller
Feb 21 01:23:36 raspberrypi kernel: [   10.050347] bcm2835-codec bcm2835-codec: Device registered as /dev/video31
Feb 21 01:23:36 raspberrypi kernel: [   10.050389] bcm2835-codec bcm2835-codec: Loaded V4L2 encode_image
Feb 21 01:23:36 raspberrypi kernel: [   10.061096] bcm2835-isp bcm2835-isp: Device node output[0] registered as /dev/video20
Feb 21 01:23:36 raspberrypi kernel: [   10.061727] bcm2835-isp bcm2835-isp: Device node capture[0] registered as /dev/video21
Feb 21 01:23:36 raspberrypi kernel: [   10.092363] bcm2835-isp bcm2835-isp: Device node capture[1] registered as /dev/video22
Feb 21 01:23:36 raspberrypi kernel: [   10.092928] bcm2835-isp bcm2835-isp: Device node stats[2] registered as /dev/video23
Feb 21 01:23:36 raspberrypi kernel: [   10.092975] bcm2835-isp bcm2835-isp: Register output node 0 with media controller
Feb 21 01:23:36 raspberrypi kernel: [   10.093004] bcm2835-isp bcm2835-isp: Register capture node 1 with media controller
Feb 21 01:23:36 raspberrypi kernel: [   10.093048] bcm2835-isp bcm2835-isp: Register capture node 2 with media controller
Feb 21 01:23:36 raspberrypi kernel: [   10.093070] bcm2835-isp bcm2835-isp: Register capture node 3 with media controller
Feb 21 01:23:36 raspberrypi kernel: [   10.093318] bcm2835-isp bcm2835-isp: Loaded V4L2 bcm2835-isp
Feb 21 01:23:36 raspberrypi kernel: [   10.228577] cfg80211: Loading compiled-in X.509 certificates for regulatory database
Feb 21 01:23:36 raspberrypi kernel: [   10.398817] cfg80211: Loaded X.509 cert 'sforshee: 00b28ddf47aef9cea7'
Feb 21 01:23:36 raspberrypi kernel: [   10.428536] cfg80211: loaded regulatory.db is malformed or signature is missing/invalid
Feb 21 01:23:36 raspberrypi kernel: [   10.831303] brcmfmac: brcmf_fw_alloc_request: using brcm/brcmfmac43430-sdio for chip BCM43430/1
Feb 21 01:23:36 raspberrypi kernel: [   10.832552] usbcore: registered new interface driver brcmfmac
Feb 21 01:23:36 raspberrypi kernel: [   11.611898] brcmfmac: brcmf_fw_alloc_request: using brcm/brcmfmac43430-sdio for chip BCM43430/1
Feb 21 01:23:36 raspberrypi kernel: [   11.698241] brcmfmac: brcmf_c_preinit_dcmds: Firmware: BCM43430/1 wl0: Jul 19 2021 03:24:18 version 7.45.98 (TOB) (56df937 CY) FWID 01-8e14b897
Feb 21 01:23:36 raspberrypi kernel: [   12.097016] fb0: switching to vc4 from simple
Feb 21 01:23:36 raspberrypi kernel: [   12.100647] Console: switching to colour dummy device 80x30
Feb 21 01:23:36 raspberrypi kernel: [   12.119870] vc4-drm soc:gpu: bound 3f400000.hvs (ops vc4_hvs_ops [vc4])
Feb 21 01:23:36 raspberrypi kernel: [   12.145375] Registered IR keymap rc-cec
Feb 21 01:23:36 raspberrypi kernel: [   12.145661] rc rc0: vc4 as /devices/platform/soc/3f902000.hdmi/rc/rc0
Feb 21 01:23:36 raspberrypi kernel: [   12.145959] input: vc4 as /devices/platform/soc/3f902000.hdmi/rc/rc0/input1
Feb 21 01:23:36 raspberrypi kernel: [   12.169929] vc4-drm soc:gpu: bound 3f902000.hdmi (ops vc4_hdmi_ops [vc4])
Feb 21 01:23:36 raspberrypi kernel: [   12.170808] vc4-drm soc:gpu: bound 3f004000.txp (ops vc4_txp_ops [vc4])
Feb 21 01:23:36 raspberrypi kernel: [   12.171347] vc4-drm soc:gpu: bound 3f206000.pixelvalve (ops vc4_crtc_ops [vc4])
Feb 21 01:23:36 raspberrypi kernel: [   12.172259] vc4-drm soc:gpu: bound 3f207000.pixelvalve (ops vc4_crtc_ops [vc4])
Feb 21 01:23:36 raspberrypi kernel: [   12.173593] vc4-drm soc:gpu: bound 3f807000.pixelvalve (ops vc4_crtc_ops [vc4])
Feb 21 01:23:36 raspberrypi kernel: [   12.174061] vc4-drm soc:gpu: bound 3fc00000.v3d (ops vc4_v3d_ops [vc4])
Feb 21 01:23:36 raspberrypi kernel: [   12.194154] [drm] Initialized vc4 0.0.0 20140616 for soc:gpu on minor 0
Feb 21 01:23:36 raspberrypi kernel: [   12.362654] Console: switching to colour frame buffer device 240x67
Feb 21 01:23:36 raspberrypi kernel: [   12.402814] vc4-drm soc:gpu: [drm] fb0: vc4drmfb frame buffer device
Feb 21 01:23:36 raspberrypi kernel: [   12.539979] 8021q: 802.1Q VLAN Support v1.8
Feb 21 01:23:36 raspberrypi kernel: [   12.757954] uart-pl011 3f201000.serial: no DMA platform data
Feb 21 01:23:35 raspberrypi rsyslogd: imuxsock: Acquired UNIX socket '/run/systemd/journal/syslog' (fd 3) from systemd.  [v8.2102.0]
Feb 21 01:23:35 raspberrypi rsyslogd: [origin software="rsyslogd" swVersion="8.2102.0" x-pid="433" x-info="https://www.rsyslog.com"] start
Feb 21 01:23:36 raspberrypi udisksd[448]: udisks daemon version 2.9.2 starting
Feb 21 01:23:36 raspberrypi kernel: [   13.183696] Adding 102396k swap on /var/swap.  Priority:-2 extents:1 across:102396k SSFS
Feb 21 01:23:36 raspberrypi udisksd[448]: failed to load module mdraid: libbd_mdraid.so.2: cannot open shared object file: No such file or directory
Feb 21 01:23:36 raspberrypi udisksd[448]: Failed to load the 'mdraid' libblockdev plugin
Feb 21 01:23:36 raspberrypi kernel: [   13.836244] smsc95xx 1-1.1:1.0 eth0: hardware isn't capable of remote wakeup
Feb 21 01:23:37 raspberrypi kernel: [   14.003713] smsc95xx 1-1.1:1.0 eth0: Link is Down
Feb 21 01:23:37 raspberrypi udisksd[448]: Acquired the name org.freedesktop.UDisks2 on the system message bus
Feb 21 01:23:39 raspberrypi kernel: [   16.232552] smsc95xx 1-1.1:1.0 eth0: Link is Up - 100Mbps/Full - flow control off
Feb 21 01:23:39 raspberrypi kernel: [   16.232623] IPv6: ADDRCONF(NETDEV_CHANGE): eth0: link becomes ready
Feb 21 01:23:41 raspberrypi kernel: [   18.243595] Bluetooth: Core ver 2.22
Feb 21 01:23:41 raspberrypi kernel: [   18.243717] NET: Registered PF_BLUETOOTH protocol family
Feb 21 01:23:41 raspberrypi kernel: [   18.243726] Bluetooth: HCI device and connection manager initialized
Feb 21 01:23:41 raspberrypi kernel: [   18.244319] Bluetooth: HCI socket layer initialized
Feb 21 01:23:41 raspberrypi kernel: [   18.244333] Bluetooth: L2CAP socket layer initialized
Feb 21 01:23:41 raspberrypi kernel: [   18.244359] Bluetooth: SCO socket layer initialized
Feb 21 01:23:41 raspberrypi kernel: [   18.259698] Bluetooth: HCI UART driver ver 2.3
Feb 21 01:23:41 raspberrypi kernel: [   18.259724] Bluetooth: HCI UART protocol H4 registered
Feb 21 01:23:41 raspberrypi kernel: [   18.259821] Bluetooth: HCI UART protocol Three-wire (H5) registered
Feb 21 01:23:41 raspberrypi kernel: [   18.260783] Bluetooth: HCI UART protocol Broadcom registered
Feb 21 01:23:42 raspberrypi kernel: [   18.875747] Bluetooth: BNEP (Ethernet Emulation) ver 1.3
Feb 21 01:23:42 raspberrypi kernel: [   18.875772] Bluetooth: BNEP filters: protocol multicast
Feb 21 01:23:42 raspberrypi kernel: [   18.875800] Bluetooth: BNEP socket layer initialized
Feb 21 01:23:42 raspberrypi kernel: [   18.897717] NET: Registered PF_ALG protocol family
Feb 21 01:23:42 raspberrypi kernel: [   18.952493] cryptd: max_cpu_qlen set to 1000
Feb 21 01:23:56 raspberrypi kernel: [   33.751890] cam-dummy-reg: disabling
Mar 15 11:40:27 rpi-master mtp-probe: checking bus 1, device 3: "/sys/devices/platform/soc/3f980000.usb/usb1/1-1/1-1.1"
Mar 15 11:40:27 rpi-master mtp-probe: checking bus 1, device 4: "/sys/devices/platform/soc/3f980000.usb/usb1/1-1/1-1.3"
Mar 15 11:40:27 rpi-master mtp-probe: bus: 1, device: 4 was not an MTP device
Mar 15 11:40:27 rpi-master mtp-probe: bus: 1, device: 3 was not an MTP device
Mar 15 11:40:27 rpi-master kernel: [    0.000000] Booting Linux on physical CPU 0x0
Mar 15 11:40:27 rpi-master kernel: [    0.000000] Linux version 5.15.84-v7+ (dom@buildbot) (arm-linux-gnueabihf-gcc-8 (Ubuntu/Linaro 8.4.0-3ubuntu1) 8.4.0, GNU ld (GNU Binutils for Ubuntu) 2.34) #1613 SMP Thu Jan 5 11:59:48 GMT 2023
Mar 15 11:40:27 rpi-master kernel: [    0.000000] CPU: ARMv7 Processor [410fd034] revision 4 (ARMv7), cr=10c5383d
Mar 15 11:40:27 rpi-master kernel: [    0.000000] CPU: div instructions available: patching division code
Mar 15 11:40:27 rpi-master kernel: [    0.000000] CPU: PIPT / VIPT nonaliasing data cache, VIPT aliasing instruction cache
Mar 15 11:40:27 rpi-master kernel: [    0.000000] OF: fdt: Machine model: Raspberry Pi 3 Model B Rev 1.2
Mar 15 11:40:27 rpi-master kernel: [    0.000000] random: crng init done
Mar 15 11:40:27 rpi-master kernel: [    0.000000] Memory policy: Data cache writealloc
Mar 15 11:40:27 rpi-master kernel: [    0.000000] Reserved memory: created CMA memory pool at 0x1ec00000, size 256 MiB
Mar 15 11:40:27 rpi-master kernel: [    0.000000] OF: reserved mem: initialized node linux,cma, compatible id shared-dma-pool
Mar 15 11:40:27 rpi-master kernel: [    0.000000] Zone ranges:
Mar 15 11:40:27 rpi-master kernel: [    0.000000]   DMA      [mem 0x0000000000000000-0x000000003b3fffff]
Mar 15 11:40:27 rpi-master kernel: [    0.000000]   Normal   empty
Mar 15 11:40:27 rpi-master kernel: [    0.000000] Movable zone start for each node
Mar 15 11:40:27 rpi-master kernel: [    0.000000] Early memory node ranges
Mar 15 11:40:27 rpi-master kernel: [    0.000000]   node   0: [mem 0x0000000000000000-0x000000003b3fffff]
Mar 15 11:40:27 rpi-master kernel: [    0.000000] Initmem setup node 0 [mem 0x0000000000000000-0x000000003b3fffff]
Mar 15 11:40:27 rpi-master kernel: [    0.000000] percpu: Embedded 16 pages/cpu s35724 r8192 d21620 u65536
Mar 15 11:40:27 rpi-master kernel: [    0.000000] Built 1 zonelists, mobility grouping on.  Total pages: 240555
Mar 15 11:40:27 rpi-master kernel: [    0.000000] Kernel command line: coherent_pool=1M 8250.nr_uarts=1 snd_bcm2835.enable_compat_alsa=0 snd_bcm2835.enable_hdmi=1 video=HDMI-A-1:1920x1080M@60 vc_mem.mem_base=0x3ec00000 vc_mem.mem_size=0x40000000  console=ttyS0,115200 console=tty1 root=PARTUUID=04fd4e24-02 rootfstype=ext4 fsck.repair=yes rootwait
Mar 15 11:40:27 rpi-master kernel: [    0.000000] Dentry cache hash table entries: 131072 (order: 7, 524288 bytes, linear)
Mar 15 11:40:27 rpi-master kernel: [    0.000000] Inode-cache hash table entries: 65536 (order: 6, 262144 bytes, linear)
Mar 15 11:40:27 rpi-master kernel: [    0.000000] mem auto-init: stack:off, heap alloc:off, heap free:off
Mar 15 11:40:27 rpi-master kernel: [    0.000000] Memory: 681100K/970752K available (10240K kernel code, 1337K rwdata, 3076K rodata, 1024K init, 569K bss, 27508K reserved, 262144K cma-reserved)
Mar 15 11:40:27 rpi-master kernel: [    0.000000] SLUB: HWalign=64, Order=0-3, MinObjects=0, CPUs=4, Nodes=1
Mar 15 11:40:27 rpi-master kernel: [    0.000000] ftrace: allocating 33312 entries in 98 pages
Mar 15 11:40:27 rpi-master kernel: [    0.000000] ftrace: allocated 98 pages with 3 groups
Mar 15 11:40:27 rpi-master kernel: [    0.000000] trace event string verifier disabled
Mar 15 11:40:27 rpi-master kernel: [    0.000000] rcu: Hierarchical RCU implementation.
Mar 15 11:40:27 rpi-master kernel: [    0.000000] 	Rude variant of Tasks RCU enabled.
Mar 15 11:40:27 rpi-master kernel: [    0.000000] 	Tracing variant of Tasks RCU enabled.
Mar 15 11:40:27 rpi-master kernel: [    0.000000] rcu: RCU calculated value of scheduler-enlistment delay is 10 jiffies.
Mar 15 11:40:27 rpi-master kernel: [    0.000000] NR_IRQS: 16, nr_irqs: 16, preallocated irqs: 16
Mar 15 11:40:27 rpi-master kernel: [    0.000000] arch_timer: cp15 timer(s) running at 19.20MHz (phys).
Mar 15 11:40:27 rpi-master kernel: [    0.000000] clocksource: arch_sys_counter: mask: 0xffffffffffffff max_cycles: 0x46d987e47, max_idle_ns: 440795202767 ns
Mar 15 11:40:27 rpi-master kernel: [    0.000001] sched_clock: 56 bits at 19MHz, resolution 52ns, wraps every 4398046511078ns
Mar 15 11:40:27 rpi-master kernel: [    0.000023] Switching to timer-based delay loop, resolution 52ns
Mar 15 11:40:27 rpi-master kernel: [    0.000405] Console: colour dummy device 80x30
Mar 15 11:40:27 rpi-master kernel: [    0.001196] printk: console [tty1] enabled
Mar 15 11:40:27 rpi-master kernel: [    0.001272] Calibrating delay loop (skipped), value calculated using timer frequency.. 38.40 BogoMIPS (lpj=192000)
Mar 15 11:40:27 rpi-master kernel: [    0.001332] pid_max: default: 32768 minimum: 301
Mar 15 11:40:27 rpi-master kernel: [    0.001511] LSM: Security Framework initializing
Mar 15 11:40:27 rpi-master kernel: [    0.001753] Mount-cache hash table entries: 2048 (order: 1, 8192 bytes, linear)
Mar 15 11:40:27 rpi-master kernel: [    0.001806] Mountpoint-cache hash table entries: 2048 (order: 1, 8192 bytes, linear)
Mar 15 11:40:27 rpi-master kernel: [    0.003341] cgroup: Disabling memory control group subsystem
Mar 15 11:40:27 rpi-master kernel: [    0.003639] CPU: Testing write buffer coherency: ok
Mar 15 11:40:27 rpi-master kernel: [    0.004161] CPU0: thread -1, cpu 0, socket 0, mpidr 80000000
Mar 15 11:40:27 rpi-master kernel: [    0.005635] Setting up static identity map for 0x100000 - 0x10003c
Mar 15 11:40:27 rpi-master kernel: [    0.005842] rcu: Hierarchical SRCU implementation.
Mar 15 11:40:27 rpi-master kernel: [    0.006826] smp: Bringing up secondary CPUs ...
Mar 15 11:40:27 rpi-master kernel: [    0.007954] CPU1: thread -1, cpu 1, socket 0, mpidr 80000001
Mar 15 11:40:27 rpi-master kernel: [    0.009216] CPU2: thread -1, cpu 2, socket 0, mpidr 80000002
Mar 15 11:40:27 rpi-master kernel: [    0.010474] CPU3: thread -1, cpu 3, socket 0, mpidr 80000003
Mar 15 11:40:27 rpi-master kernel: [    0.010636] smp: Brought up 1 node, 4 CPUs
Mar 15 11:40:27 rpi-master kernel: [    0.010737] SMP: Total of 4 processors activated (153.60 BogoMIPS).
Mar 15 11:40:27 rpi-master kernel: [    0.010773] CPU: All CPU(s) started in HYP mode.
Mar 15 11:40:27 rpi-master kernel: [    0.010800] CPU: Virtualization extensions available.
Mar 15 11:40:27 rpi-master kernel: [    0.011697] devtmpfs: initialized
Mar 15 11:40:27 rpi-master kernel: [    0.030071] VFP support v0.3: implementor 41 architecture 3 part 40 variant 3 rev 4
Mar 15 11:40:27 rpi-master kernel: [    0.030332] clocksource: jiffies: mask: 0xffffffff max_cycles: 0xffffffff, max_idle_ns: 19112604462750000 ns
Mar 15 11:40:27 rpi-master kernel: [    0.030401] futex hash table entries: 1024 (order: 4, 65536 bytes, linear)
Mar 15 11:40:27 rpi-master kernel: [    0.042758] pinctrl core: initialized pinctrl subsystem
Mar 15 11:40:27 rpi-master kernel: [    0.044229] NET: Registered PF_NETLINK/PF_ROUTE protocol family
Mar 15 11:40:27 rpi-master kernel: [    0.048750] DMA: preallocated 1024 KiB pool for atomic coherent allocations
Mar 15 11:40:27 rpi-master kernel: [    0.054413] audit: initializing netlink subsys (disabled)
Mar 15 11:40:27 rpi-master kernel: [    0.054746] audit: type=2000 audit(0.050:1): state=initialized audit_enabled=0 res=1
Mar 15 11:40:27 rpi-master kernel: [    0.055404] thermal_sys: Registered thermal governor 'step_wise'
Mar 15 11:40:27 rpi-master kernel: [    0.056386] hw-breakpoint: found 5 (+1 reserved) breakpoint and 4 watchpoint registers.
Mar 15 11:40:27 rpi-master kernel: [    0.056453] hw-breakpoint: maximum watchpoint size is 8 bytes.
Mar 15 11:40:27 rpi-master kernel: [    0.056758] Serial: AMBA PL011 UART driver
Mar 15 11:40:27 rpi-master kernel: [    0.066939] bcm2835-mbox 3f00b880.mailbox: mailbox enabled
Mar 15 11:40:27 rpi-master kernel: [    0.100136] raspberrypi-firmware soc:firmware: Attached to firmware from 2023-01-05T10:48:31, variant start
Mar 15 11:40:27 rpi-master kernel: [    0.110154] raspberrypi-firmware soc:firmware: Firmware hash is 8ba17717fbcedd4c3b6d4bce7e50c7af4155cba9
Mar 15 11:40:27 rpi-master kernel: [    0.159871] Kprobes globally optimized
Mar 15 11:40:27 rpi-master kernel: [    0.165545] bcm2835-dma 3f007000.dma: DMA legacy API manager, dmachans=0x1
Mar 15 11:40:27 rpi-master kernel: [    0.167902] SCSI subsystem initialized
Mar 15 11:40:27 rpi-master kernel: [    0.168215] usbcore: registered new interface driver usbfs
Mar 15 11:40:27 rpi-master kernel: [    0.168302] usbcore: registered new interface driver hub
Mar 15 11:40:27 rpi-master kernel: [    0.168394] usbcore: registered new device driver usb
Mar 15 11:40:27 rpi-master kernel: [    0.168802] usb_phy_generic phy: supply vcc not found, using dummy regulator
Mar 15 11:40:27 rpi-master kernel: [    0.169030] usb_phy_generic phy: dummy supplies not allowed for exclusive requests
Mar 15 11:40:27 rpi-master kernel: [    0.169328] pps_core: LinuxPPS API ver. 1 registered
Mar 15 11:40:27 rpi-master kernel: [    0.169361] pps_core: Software ver. 5.3.6 - Copyright 2005-2007 Rodolfo Giometti <giometti@linux.it>
Mar 15 11:40:27 rpi-master kernel: [    0.169422] PTP clock support registered
Mar 15 11:40:27 rpi-master kernel: [    0.171660] clocksource: Switched to clocksource arch_sys_counter
Mar 15 11:40:27 rpi-master kernel: [    0.242435] VFS: Disk quotas dquot_6.6.0
Mar 15 11:40:27 rpi-master kernel: [    0.242590] VFS: Dquot-cache hash table entries: 1024 (order 0, 4096 bytes)
Mar 15 11:40:27 rpi-master kernel: [    0.242825] FS-Cache: Loaded
Mar 15 11:40:27 rpi-master kernel: [    0.243106] CacheFiles: Loaded
Mar 15 11:40:27 rpi-master kernel: [    0.244157] simple-framebuffer 3e402000.framebuffer: framebuffer at 0x3e402000, 0x7f8000 bytes
Mar 15 11:40:27 rpi-master kernel: [    0.244211] simple-framebuffer 3e402000.framebuffer: format=a8r8g8b8, mode=1920x1080x32, linelength=7680
Mar 15 11:40:27 rpi-master kernel: [    0.279808] Console: switching to colour frame buffer device 240x67
Mar 15 11:40:27 rpi-master kernel: [    0.312998] simple-framebuffer 3e402000.framebuffer: fb0: simplefb registered!
Mar 15 11:40:27 rpi-master kernel: [    0.322864] NET: Registered PF_INET protocol family
Mar 15 11:40:27 rpi-master kernel: [    0.323312] IP idents hash table entries: 16384 (order: 5, 131072 bytes, linear)
Mar 15 11:40:27 rpi-master kernel: [    0.325220] tcp_listen_portaddr_hash hash table entries: 512 (order: 0, 6144 bytes, linear)
Mar 15 11:40:27 rpi-master kernel: [    0.325506] Table-perturb hash table entries: 65536 (order: 6, 262144 bytes, linear)
Mar 15 11:40:27 rpi-master kernel: [    0.325752] TCP established hash table entries: 8192 (order: 3, 32768 bytes, linear)
Mar 15 11:40:27 rpi-master kernel: [    0.326106] TCP bind hash table entries: 8192 (order: 4, 65536 bytes, linear)
Mar 15 11:40:27 rpi-master kernel: [    0.326504] TCP: Hash tables configured (established 8192 bind 8192)
Mar 15 11:40:27 rpi-master kernel: [    0.326859] UDP hash table entries: 512 (order: 2, 16384 bytes, linear)
Mar 15 11:40:27 rpi-master kernel: [    0.327110] UDP-Lite hash table entries: 512 (order: 2, 16384 bytes, linear)
Mar 15 11:40:27 rpi-master kernel: [    0.327616] NET: Registered PF_UNIX/PF_LOCAL protocol family
Mar 15 11:40:27 rpi-master kernel: [    0.328861] RPC: Registered named UNIX socket transport module.
Mar 15 11:40:27 rpi-master kernel: [    0.329051] RPC: Registered udp transport module.
Mar 15 11:40:27 rpi-master kernel: [    0.329204] RPC: Registered tcp transport module.
Mar 15 11:40:27 rpi-master kernel: [    0.329354] RPC: Registered tcp NFSv4.1 backchannel transport module.
Mar 15 11:40:27 rpi-master kernel: [    1.882655] hw perfevents: enabled with armv7_cortex_a7 PMU driver, 7 counters available
Mar 15 11:40:27 rpi-master kernel: [    1.922401] Initialise system trusted keyrings
Mar 15 11:40:27 rpi-master kernel: [    1.922901] workingset: timestamp_bits=14 max_order=18 bucket_order=4
Mar 15 11:40:27 rpi-master kernel: [    1.933086] zbud: loaded
Mar 15 11:40:27 rpi-master kernel: [    1.935415] FS-Cache: Netfs 'nfs' registered for caching
Mar 15 11:40:27 rpi-master kernel: [    1.936589] NFS: Registering the id_resolver key type
Mar 15 11:40:27 rpi-master kernel: [    1.936790] Key type id_resolver registered
Mar 15 11:40:27 rpi-master kernel: [    1.936929] Key type id_legacy registered
Mar 15 11:40:27 rpi-master kernel: [    1.937180] nfs4filelayout_init: NFSv4 File Layout Driver Registering...
Mar 15 11:40:27 rpi-master kernel: [    1.937391] nfs4flexfilelayout_init: NFSv4 Flexfile Layout Driver Registering...
Mar 15 11:40:27 rpi-master kernel: [    1.938869] Key type asymmetric registered
Mar 15 11:40:27 rpi-master kernel: [    1.939010] Asymmetric key parser 'x509' registered
Mar 15 11:40:27 rpi-master kernel: [    1.939254] Block layer SCSI generic (bsg) driver version 0.4 loaded (major 247)
Mar 15 11:40:27 rpi-master kernel: [    1.939483] io scheduler mq-deadline registered
Mar 15 11:40:27 rpi-master kernel: [    1.939631] io scheduler kyber registered
Mar 15 11:40:27 rpi-master kernel: [    1.950623] Serial: 8250/16550 driver, 1 ports, IRQ sharing enabled
Mar 15 11:40:27 rpi-master kernel: [    1.953321] bcm2835-rng 3f104000.rng: hwrng registered
Mar 15 11:40:27 rpi-master kernel: [    1.962848] vc-mem: phys_addr:0x00000000 mem_base=0x3ec00000 mem_size:0x40000000(1024 MiB)
Mar 15 11:40:27 rpi-master kernel: [    1.973133] gpiomem-bcm2835 3f200000.gpiomem: Initialised: Registers at 0x3f200000
Mar 15 11:40:27 rpi-master kernel: [    1.994535] brd: module loaded
Mar 15 11:40:27 rpi-master kernel: [    2.013464] loop: module loaded
Mar 15 11:40:27 rpi-master kernel: [    2.023136] Loading iSCSI transport class v2.0-870.
Mar 15 11:40:27 rpi-master kernel: [    2.033902] usbcore: registered new interface driver lan78xx
Mar 15 11:40:27 rpi-master kernel: [    2.042756] usbcore: registered new interface driver smsc95xx
Mar 15 11:40:27 rpi-master kernel: [    2.051431] dwc_otg: version 3.00a 10-AUG-2012 (platform bus)
Mar 15 11:40:27 rpi-master kernel: [    2.788316] Core Release: 2.80a
Mar 15 11:40:27 rpi-master kernel: [    2.796889] Setting default values for core params
Mar 15 11:40:27 rpi-master kernel: [    2.805506] Finished setting default values for core params
Mar 15 11:40:27 rpi-master kernel: [    3.014555] Using Buffer DMA mode
Mar 15 11:40:27 rpi-master kernel: [    3.023282] Periodic Transfer Interrupt Enhancement - disabled
Mar 15 11:40:27 rpi-master kernel: [    3.032048] Multiprocessor Interrupt Enhancement - disabled
Mar 15 11:40:27 rpi-master kernel: [    3.040817] OTG VER PARAM: 0, OTG VER FLAG: 0
Mar 15 11:40:27 rpi-master kernel: [    3.049536] Dedicated Tx FIFOs mode
Mar 15 11:40:27 rpi-master kernel: [    3.059032] 
Mar 15 11:40:27 rpi-master kernel: [    3.059046] WARN::dwc_otg_hcd_init:1074: FIQ DMA bounce buffers: virt = 9ed04000 dma = 0xded04000 len=9024
Mar 15 11:40:27 rpi-master kernel: [    3.076364] FIQ FSM acceleration enabled for :
Mar 15 11:40:27 rpi-master kernel: [    3.076364] Non-periodic Split Transactions
Mar 15 11:40:27 rpi-master kernel: [    3.076364] Periodic Split Transactions
Mar 15 11:40:27 rpi-master kernel: [    3.076364] High-Speed Isochronous Endpoints
Mar 15 11:40:27 rpi-master kernel: [    3.076364] Interrupt/Control Split Transaction hack enabled
Mar 15 11:40:27 rpi-master kernel: [    3.119497] 
Mar 15 11:40:27 rpi-master kernel: [    3.119504] WARN::hcd_init_fiq:457: FIQ on core 1
Mar 15 11:40:27 rpi-master kernel: [    3.136508] 
Mar 15 11:40:27 rpi-master kernel: [    3.136513] WARN::hcd_init_fiq:458: FIQ ASM at 807fc54c length 36
Mar 15 11:40:27 rpi-master kernel: [    3.153305] 
Mar 15 11:40:27 rpi-master kernel: [    3.153309] WARN::hcd_init_fiq:497: MPHI regs_base at bb810000
Mar 15 11:40:27 rpi-master kernel: [    3.169885] dwc_otg 3f980000.usb: DWC OTG Controller
Mar 15 11:40:27 rpi-master kernel: [    3.178222] dwc_otg 3f980000.usb: new USB bus registered, assigned bus number 1
Mar 15 11:40:27 rpi-master kernel: [    3.186558] dwc_otg 3f980000.usb: irq 89, io mem 0x00000000
Mar 15 11:40:27 rpi-master kernel: [    3.194839] Init: Port Power? op_state=1
Mar 15 11:40:27 rpi-master kernel: [    3.202933] Init: Power Port (0)
Mar 15 11:40:27 rpi-master kernel: [    3.211269] usb usb1: New USB device found, idVendor=1d6b, idProduct=0002, bcdDevice= 5.15
Mar 15 11:40:27 rpi-master kernel: [    3.219425] usb usb1: New USB device strings: Mfr=3, Product=2, SerialNumber=1
Mar 15 11:40:27 rpi-master kernel: [    3.227550] usb usb1: Product: DWC OTG Controller
Mar 15 11:40:27 rpi-master kernel: [    3.235581] usb usb1: Manufacturer: Linux 5.15.84-v7+ dwc_otg_hcd
Mar 15 11:40:27 rpi-master kernel: [    3.243633] usb usb1: SerialNumber: 3f980000.usb
Mar 15 11:40:27 rpi-master kernel: [    3.252367] hub 1-0:1.0: USB hub found
Mar 15 11:40:27 rpi-master kernel: [    3.260295] hub 1-0:1.0: 1 port detected
Mar 15 11:40:27 rpi-master kernel: [    3.269512] usbcore: registered new interface driver usb-storage
Mar 15 11:40:27 rpi-master kernel: [    3.277715] mousedev: PS/2 mouse device common for all mice
Mar 15 11:40:27 rpi-master kernel: [    3.289541] sdhci: Secure Digital Host Controller Interface driver
Mar 15 11:40:27 rpi-master kernel: [    3.297645] sdhci: Copyright(c) Pierre Ossman
Mar 15 11:40:27 rpi-master kernel: [    3.306171] sdhci-pltfm: SDHCI platform and OF driver helper
Mar 15 11:40:27 rpi-master kernel: [    3.316724] ledtrig-cpu: registered to indicate activity on CPUs
Mar 15 11:40:27 rpi-master kernel: [    3.325142] hid: raw HID events driver (C) Jiri Kosina
Mar 15 11:40:27 rpi-master kernel: [    3.333240] usbcore: registered new interface driver usbhid
Mar 15 11:40:27 rpi-master kernel: [    3.341145] usbhid: USB HID core driver
Mar 15 11:40:27 rpi-master kernel: [    3.354705] Initializing XFRM netlink socket
Mar 15 11:40:27 rpi-master kernel: [    3.362756] NET: Registered PF_PACKET protocol family
Mar 15 11:40:27 rpi-master kernel: [    3.370849] Key type dns_resolver registered
Mar 15 11:40:27 rpi-master kernel: [    3.379373] Registering SWP/SWPB emulation handler
Mar 15 11:40:27 rpi-master kernel: [    3.387960] registered taskstats version 1
Mar 15 11:40:27 rpi-master kernel: [    3.395945] Indeed it is in host mode hprt0 = 00021501
Mar 15 11:40:27 rpi-master kernel: [    3.403795] Loading compiled-in X.509 certificates
Mar 15 11:40:27 rpi-master kernel: [    3.464321] Key type .fscrypt registered
Mar 15 11:40:27 rpi-master kernel: [    3.472020] Key type fscrypt-provisioning registered
Mar 15 11:40:27 rpi-master kernel: [    3.491622] uart-pl011 3f201000.serial: cts_event_workaround enabled
Mar 15 11:40:27 rpi-master kernel: [    3.499639] 3f201000.serial: ttyAMA0 at MMIO 0x3f201000 (irq = 114, base_baud = 0) is a PL011 rev2
Mar 15 11:40:27 rpi-master kernel: [    3.509664] bcm2835-aux-uart 3f215040.serial: there is not valid maps for state default
Mar 15 11:40:27 rpi-master kernel: [    3.518261] printk: console [ttyS0] disabled
Mar 15 11:40:27 rpi-master kernel: [    3.526199] 3f215040.serial: ttyS0 at MMIO 0x3f215040 (irq = 86, base_baud = 50000000) is a 16550
Mar 15 11:40:27 rpi-master kernel: [    3.611699] usb 1-1: new high-speed USB device number 2 using dwc_otg
Mar 15 11:40:27 rpi-master kernel: [    3.616248] printk: console [ttyS0] enabled
Mar 15 11:40:27 rpi-master kernel: [    3.619290] Indeed it is in host mode hprt0 = 00001101
Mar 15 11:40:27 rpi-master kernel: [    3.625073] bcm2835-wdt bcm2835-wdt: Broadcom BCM2835 watchdog timer
Mar 15 11:40:27 rpi-master kernel: [    3.862020] usb 1-1: New USB device found, idVendor=0424, idProduct=9514, bcdDevice= 2.00
Mar 15 11:40:27 rpi-master kernel: [    3.865271] bcm2835-power bcm2835-power: Broadcom BCM2835 power domains driver
Mar 15 11:40:27 rpi-master kernel: [    3.869654] usb 1-1: New USB device strings: Mfr=0, Product=0, SerialNumber=0
Mar 15 11:40:27 rpi-master kernel: [    3.876101] mmc-bcm2835 3f300000.mmcnr: mmc_debug:0 mmc_debug2:0
Mar 15 11:40:27 rpi-master kernel: [    3.880724] hub 1-1:1.0: USB hub found
Mar 15 11:40:27 rpi-master kernel: [    3.885775] mmc-bcm2835 3f300000.mmcnr: DMA channel allocated
Mar 15 11:40:27 rpi-master kernel: [    3.891602] hub 1-1:1.0: 5 ports detected
Mar 15 11:40:27 rpi-master kernel: [    4.046951] mmc1: new high speed SDIO card at address 0001
Mar 15 11:40:27 rpi-master kernel: [    4.371694] usb 1-1.1: new high-speed USB device number 3 using dwc_otg
Mar 15 11:40:27 rpi-master kernel: [    4.377192] sdhost: log_buf @ f5d04311 (ded07000)
Mar 15 11:40:27 rpi-master kernel: [    4.512029] usb 1-1.1: New USB device found, idVendor=0424, idProduct=ec00, bcdDevice= 2.00
Mar 15 11:40:27 rpi-master kernel: [    4.561101] mmc0: sdhost-bcm2835 loaded - DMA enabled (>1)
Mar 15 11:40:27 rpi-master kernel: [    4.564513] usb 1-1.1: New USB device strings: Mfr=0, Product=0, SerialNumber=0
Mar 15 11:40:27 rpi-master kernel: [    4.593007] of_cfs_init
Mar 15 11:40:27 rpi-master kernel: [    4.604891] smsc95xx v2.0.0
Mar 15 11:40:27 rpi-master kernel: [    4.607220] of_cfs_init: OK
Mar 15 11:40:27 rpi-master kernel: [    4.657279] mmc0: host does not support reading read-only switch, assuming write-enable
Mar 15 11:40:27 rpi-master kernel: [    4.754636] SMSC LAN8700 usb-001:003:01: attached PHY driver (mii_bus:phy_addr=usb-001:003:01, irq=POLL)
Mar 15 11:40:27 rpi-master kernel: [    4.761321] mmc0: new high speed SDHC card at address aaaa
Mar 15 11:40:27 rpi-master kernel: [    4.770359] smsc95xx 1-1.1:1.0 eth0: register 'smsc95xx' at usb-3f980000.usb-1.1, smsc95xx USB 2.0 Ethernet, b8:27:eb:6b:e7:2b
Mar 15 11:40:27 rpi-master kernel: [    4.782549] mmcblk0: mmc0:aaaa SC32G 29.7 GiB 
Mar 15 11:40:27 rpi-master kernel: [    4.901688] usb 1-1.3: new low-speed USB device number 4 using dwc_otg
Mar 15 11:40:27 rpi-master kernel: [    4.927810]  mmcblk0: p1 p2
Mar 15 11:40:27 rpi-master kernel: [    5.042003] mmcblk0: mmc0:aaaa SC32G 29.7 GiB (quirks 0x00004000)
Mar 15 11:40:27 rpi-master kernel: [    5.081934] EXT4-fs (mmcblk0p2): mounted filesystem with ordered data mode. Opts: (null). Quota mode: none.
Mar 15 11:40:27 rpi-master kernel: [    5.083932] usb 1-1.3: New USB device found, idVendor=04b3, idProduct=3025, bcdDevice= 1.02
Mar 15 11:40:27 rpi-master kernel: [    5.101414] VFS: Mounted root (ext4 filesystem) readonly on device 179:2.
Mar 15 11:40:27 rpi-master kernel: [    5.119113] usb 1-1.3: New USB device strings: Mfr=1, Product=2, SerialNumber=0
Mar 15 11:40:27 rpi-master kernel: [    5.145955] devtmpfs: mounted
Mar 15 11:40:27 rpi-master kernel: [    5.152414] usb 1-1.3: Product: USB NetVista Full Width Keyboard
Mar 15 11:40:27 rpi-master kernel: [    5.152431] usb 1-1.3: Manufacturer: CHICONY
Mar 15 11:40:27 rpi-master kernel: [    5.196036] Freeing unused kernel image (initmem) memory: 1024K
Mar 15 11:40:27 rpi-master kernel: [    5.212396] Run /sbin/init as init process
Mar 15 11:40:27 rpi-master kernel: [    5.212955] input: CHICONY USB NetVista Full Width Keyboard as /devices/platform/soc/3f980000.usb/usb1/1-1/1-1.3/1-1.3:1.0/0003:04B3:3025.0001/input/input0
Mar 15 11:40:27 rpi-master kernel: [    5.312507] hid-generic 0003:04B3:3025.0001: input,hidraw0: USB HID v1.10 Keyboard [CHICONY USB NetVista Full Width Keyboard] on usb-3f980000.usb-1.3/input0
Mar 15 11:40:27 rpi-master kernel: [    6.041824] NET: Registered PF_INET6 protocol family
Mar 15 11:40:27 rpi-master kernel: [    6.058978] Segment Routing with IPv6
Mar 15 11:40:27 rpi-master kernel: [    6.073024] In-situ OAM (IOAM) with IPv6
Mar 15 11:40:27 rpi-master kernel: [    8.574284] fuse: init (API version 7.34)
Mar 15 11:40:27 rpi-master kernel: [    9.394002] EXT4-fs (mmcblk0p2): re-mounted. Opts: (null). Quota mode: none.
Mar 15 11:40:27 rpi-master kernel: [   10.952182] mc: Linux media interface: v0.10
Mar 15 11:40:27 rpi-master kernel: [   11.000743] vc_sm_cma: module is from the staging directory, the quality is unknown, you have been warned.
Mar 15 11:40:27 rpi-master kernel: [   11.003500] bcm2835_vc_sm_cma_probe: Videocore shared memory driver
Mar 15 11:40:27 rpi-master kernel: [   11.003540] [vc_sm_connected_init]: start
Mar 15 11:40:27 rpi-master kernel: [   11.012349] [vc_sm_connected_init]: installed successfully
Mar 15 11:40:27 rpi-master kernel: [   11.091829] videodev: Linux video capture interface: v2.00
Mar 15 11:40:27 rpi-master kernel: [   11.291751] snd_bcm2835: module is from the staging directory, the quality is unknown, you have been warned.
Mar 15 11:40:27 rpi-master kernel: [   11.307520] bcm2835_mmal_vchiq: module is from the staging directory, the quality is unknown, you have been warned.
Mar 15 11:40:27 rpi-master kernel: [   11.364195] bcm2835_mmal_vchiq: module is from the staging directory, the quality is unknown, you have been warned.
Mar 15 11:40:27 rpi-master kernel: [   11.381499] bcm2835_isp: module is from the staging directory, the quality is unknown, you have been warned.
Mar 15 11:40:27 rpi-master kernel: [   11.393291] bcm2835_audio bcm2835_audio: card created with 8 channels
Mar 15 11:40:27 rpi-master kernel: [   11.398136] bcm2835_v4l2: module is from the staging directory, the quality is unknown, you have been warned.
Mar 15 11:40:27 rpi-master kernel: [   11.419237] bcm2835_codec: module is from the staging directory, the quality is unknown, you have been warned.
Mar 15 11:40:27 rpi-master kernel: [   11.462585] bcm2835-codec bcm2835-codec: Device registered as /dev/video10
Mar 15 11:40:27 rpi-master kernel: [   11.462657] bcm2835-codec bcm2835-codec: Loaded V4L2 decode
Mar 15 11:40:27 rpi-master kernel: [   11.466915] bcm2835-codec bcm2835-codec: Device registered as /dev/video11
Mar 15 11:40:27 rpi-master kernel: [   11.466986] bcm2835-codec bcm2835-codec: Loaded V4L2 encode
Mar 15 11:40:27 rpi-master kernel: [   11.486208] bcm2835-isp bcm2835-isp: Device node output[0] registered as /dev/video13
Mar 15 11:40:27 rpi-master kernel: [   11.486258] bcm2835-codec bcm2835-codec: Device registered as /dev/video12
Mar 15 11:40:27 rpi-master kernel: [   11.486308] bcm2835-codec bcm2835-codec: Loaded V4L2 isp
Mar 15 11:40:27 rpi-master kernel: [   11.487891] bcm2835-isp bcm2835-isp: Device node capture[0] registered as /dev/video14
Mar 15 11:40:27 rpi-master kernel: [   11.488403] bcm2835-isp bcm2835-isp: Device node capture[1] registered as /dev/video15
Mar 15 11:40:27 rpi-master kernel: [   11.488764] bcm2835-isp bcm2835-isp: Device node stats[2] registered as /dev/video16
Mar 15 11:40:27 rpi-master kernel: [   11.488803] bcm2835-isp bcm2835-isp: Register output node 0 with media controller
Mar 15 11:40:27 rpi-master kernel: [   11.488831] bcm2835-isp bcm2835-isp: Register capture node 1 with media controller
Mar 15 11:40:27 rpi-master kernel: [   11.488851] bcm2835-isp bcm2835-isp: Register capture node 2 with media controller
Mar 15 11:40:27 rpi-master kernel: [   11.488871] bcm2835-isp bcm2835-isp: Register capture node 3 with media controller
Mar 15 11:40:27 rpi-master kernel: [   11.506307] bcm2835-isp bcm2835-isp: Device node output[0] registered as /dev/video20
Mar 15 11:40:27 rpi-master kernel: [   11.506859] bcm2835-isp bcm2835-isp: Device node capture[0] registered as /dev/video21
Mar 15 11:40:27 rpi-master kernel: [   11.507278] bcm2835-isp bcm2835-isp: Device node capture[1] registered as /dev/video22
Mar 15 11:40:27 rpi-master kernel: [   11.507652] bcm2835-isp bcm2835-isp: Device node stats[2] registered as /dev/video23
Mar 15 11:40:27 rpi-master kernel: [   11.507690] bcm2835-isp bcm2835-isp: Register output node 0 with media controller
Mar 15 11:40:27 rpi-master kernel: [   11.507728] bcm2835-isp bcm2835-isp: Register capture node 1 with media controller
Mar 15 11:40:27 rpi-master kernel: [   11.507750] bcm2835-isp bcm2835-isp: Register capture node 2 with media controller
Mar 15 11:40:27 rpi-master kernel: [   11.507769] bcm2835-isp bcm2835-isp: Register capture node 3 with media controller
Mar 15 11:40:27 rpi-master kernel: [   11.508019] bcm2835-isp bcm2835-isp: Loaded V4L2 bcm2835-isp
Mar 15 11:40:27 rpi-master kernel: [   11.529955] bcm2835-codec bcm2835-codec: Device registered as /dev/video18
Mar 15 11:40:27 rpi-master kernel: [   11.530172] bcm2835-codec bcm2835-codec: Loaded V4L2 image_fx
Mar 15 11:40:27 rpi-master kernel: [   11.544416] bcm2835-codec bcm2835-codec: Device registered as /dev/video31
Mar 15 11:40:27 rpi-master kernel: [   11.544489] bcm2835-codec bcm2835-codec: Loaded V4L2 encode_image
Mar 15 11:40:27 rpi-master kernel: [   12.293625] cfg80211: Loading compiled-in X.509 certificates for regulatory database
Mar 15 11:40:27 rpi-master kernel: [   12.544404] cfg80211: Loaded X.509 cert 'sforshee: 00b28ddf47aef9cea7'
Mar 15 11:40:27 rpi-master kernel: [   12.568045] cfg80211: loaded regulatory.db is malformed or signature is missing/invalid
Mar 15 11:40:27 rpi-master kernel: [   12.718781] fb0: switching to vc4 from simple
Mar 15 11:40:27 rpi-master kernel: [   12.723119] Console: switching to colour dummy device 80x30
Mar 15 11:40:27 rpi-master kernel: [   12.730765] vc4-drm soc:gpu: bound 3f400000.hvs (ops vc4_hvs_ops [vc4])
Mar 15 11:40:27 rpi-master kernel: [   12.752370] Registered IR keymap rc-cec
Mar 15 11:40:27 rpi-master kernel: [   12.752701] rc rc0: vc4 as /devices/platform/soc/3f902000.hdmi/rc/rc0
Mar 15 11:40:27 rpi-master kernel: [   12.753006] input: vc4 as /devices/platform/soc/3f902000.hdmi/rc/rc0/input1
Mar 15 11:40:27 rpi-master kernel: [   12.762813] vc4-drm soc:gpu: bound 3f902000.hdmi (ops vc4_hdmi_ops [vc4])
Mar 15 11:40:27 rpi-master kernel: [   12.763424] vc4-drm soc:gpu: bound 3f004000.txp (ops vc4_txp_ops [vc4])
Mar 15 11:40:27 rpi-master kernel: [   12.763928] vc4-drm soc:gpu: bound 3f206000.pixelvalve (ops vc4_crtc_ops [vc4])
Mar 15 11:40:27 rpi-master kernel: [   12.764435] vc4-drm soc:gpu: bound 3f207000.pixelvalve (ops vc4_crtc_ops [vc4])
Mar 15 11:40:27 rpi-master kernel: [   12.764928] vc4-drm soc:gpu: bound 3f807000.pixelvalve (ops vc4_crtc_ops [vc4])
Mar 15 11:40:27 rpi-master kernel: [   12.765331] vc4-drm soc:gpu: bound 3fc00000.v3d (ops vc4_v3d_ops [vc4])
Mar 15 11:40:27 rpi-master kernel: [   12.803655] [drm] Initialized vc4 0.0.0 20140616 for soc:gpu on minor 0
Mar 15 11:40:27 rpi-master kernel: [   12.896446] Console: switching to colour frame buffer device 240x67
Mar 15 11:40:27 rpi-master kernel: [   12.933259] vc4-drm soc:gpu: [drm] fb0: vc4drmfb frame buffer device
Mar 15 11:40:27 rpi-master kernel: [   13.007629] brcmfmac: brcmf_fw_alloc_request: using brcm/brcmfmac43430-sdio for chip BCM43430/1
Mar 15 11:40:27 rpi-master kernel: [   13.007971] usbcore: registered new interface driver brcmfmac
Mar 15 11:40:27 rpi-master kernel: [   13.262405] brcmfmac: brcmf_fw_alloc_request: using brcm/brcmfmac43430-sdio for chip BCM43430/1
Mar 15 11:40:27 rpi-master kernel: [   13.282234] brcmfmac: brcmf_c_preinit_dcmds: Firmware: BCM43430/1 wl0: Jul 19 2021 03:24:18 version 7.45.98 (TOB) (56df937 CY) FWID 01-8e14b897
Mar 15 11:40:27 rpi-master kernel: [   13.835807] 8021q: 802.1Q VLAN Support v1.8
Mar 15 11:40:27 rpi-master kernel: [   13.840305] uart-pl011 3f201000.serial: no DMA platform data
Mar 15 11:40:27 rpi-master kernel: [   13.913480] Adding 102396k swap on /var/swap.  Priority:-2 extents:1 across:102396k SSFS
Mar 15 11:40:27 rpi-master rsyslogd: imuxsock: Acquired UNIX socket '/run/systemd/journal/syslog' (fd 3) from systemd.  [v8.2102.0]
Mar 15 11:40:27 rpi-master rsyslogd: [origin software="rsyslogd" swVersion="8.2102.0" x-pid="403" x-info="https://www.rsyslog.com"] start
Mar 15 11:40:27 rpi-master kernel: [   14.208350] smsc95xx 1-1.1:1.0 eth0: hardware isn't capable of remote wakeup
Mar 15 11:40:27 rpi-master kernel: [   14.363083] smsc95xx 1-1.1:1.0 eth0: Link is Down
Mar 15 11:40:28 rpi-master kernel: [   14.687822] brcmfmac: brcmf_cfg80211_set_power_mgmt: power save enabled
Mar 15 11:40:30 rpi-master kernel: [   16.632929] smsc95xx 1-1.1:1.0 eth0: Link is Up - 100Mbps/Full - flow control off
Mar 15 11:40:30 rpi-master kernel: [   16.633045] IPv6: ADDRCONF(NETDEV_CHANGE): eth0: link becomes ready
Mar 15 11:40:32 rpi-master kernel: [   18.970859] Bluetooth: Core ver 2.22
Mar 15 11:40:32 rpi-master kernel: [   18.970993] NET: Registered PF_BLUETOOTH protocol family
Mar 15 11:40:32 rpi-master kernel: [   18.971003] Bluetooth: HCI device and connection manager initialized
Mar 15 11:40:32 rpi-master kernel: [   18.971029] Bluetooth: HCI socket layer initialized
Mar 15 11:40:32 rpi-master kernel: [   18.971054] Bluetooth: L2CAP socket layer initialized
Mar 15 11:40:32 rpi-master kernel: [   18.971102] Bluetooth: SCO socket layer initialized
Mar 15 11:40:32 rpi-master kernel: [   19.003776] Bluetooth: HCI UART driver ver 2.3
Mar 15 11:40:32 rpi-master kernel: [   19.003807] Bluetooth: HCI UART protocol H4 registered
Mar 15 11:40:32 rpi-master kernel: [   19.003900] Bluetooth: HCI UART protocol Three-wire (H5) registered
Mar 15 11:40:32 rpi-master kernel: [   19.004159] Bluetooth: HCI UART protocol Broadcom registered
Mar 15 11:40:33 rpi-master kernel: [   19.523460] Bluetooth: BNEP (Ethernet Emulation) ver 1.3
Mar 15 11:40:33 rpi-master kernel: [   19.523484] Bluetooth: BNEP filters: protocol multicast
Mar 15 11:40:33 rpi-master kernel: [   19.523503] Bluetooth: BNEP socket layer initialized
Mar 15 11:40:33 rpi-master kernel: [   19.547299] NET: Registered PF_ALG protocol family
Mar 15 11:40:33 rpi-master kernel: [   19.585479] cryptd: max_cpu_qlen set to 1000
Mar 15 11:40:48 rpi-master kernel: [   35.031714] cam-dummy-reg: disabling
Mar 15 13:11:27 rpi-master kernel: [    0.000000] Booting Linux on physical CPU 0x0
Mar 15 13:11:27 rpi-master kernel: [    0.000000] Linux version 5.15.84-v7+ (dom@buildbot) (arm-linux-gnueabihf-gcc-8 (Ubuntu/Linaro 8.4.0-3ubuntu1) 8.4.0, GNU ld (GNU Binutils for Ubuntu) 2.34) #1613 SMP Thu Jan 5 11:59:48 GMT 2023
Mar 15 13:11:27 rpi-master kernel: [    0.000000] CPU: ARMv7 Processor [410fd034] revision 4 (ARMv7), cr=10c5383d
Mar 15 13:11:27 rpi-master kernel: [    0.000000] CPU: div instructions available: patching division code
Mar 15 13:11:27 rpi-master kernel: [    0.000000] CPU: PIPT / VIPT nonaliasing data cache, VIPT aliasing instruction cache
Mar 15 13:11:27 rpi-master kernel: [    0.000000] OF: fdt: Machine model: Raspberry Pi 3 Model B Rev 1.2
Mar 15 13:11:27 rpi-master kernel: [    0.000000] random: crng init done
Mar 15 13:11:27 rpi-master kernel: [    0.000000] Memory policy: Data cache writealloc
Mar 15 13:11:27 rpi-master kernel: [    0.000000] Reserved memory: created CMA memory pool at 0x1ec00000, size 256 MiB
Mar 15 13:11:27 rpi-master kernel: [    0.000000] OF: reserved mem: initialized node linux,cma, compatible id shared-dma-pool
Mar 15 13:11:27 rpi-master kernel: [    0.000000] Zone ranges:
Mar 15 13:11:27 rpi-master kernel: [    0.000000]   DMA      [mem 0x0000000000000000-0x000000003b3fffff]
Mar 15 13:11:27 rpi-master kernel: [    0.000000]   Normal   empty
Mar 15 13:11:27 rpi-master kernel: [    0.000000] Movable zone start for each node
Mar 15 13:11:27 rpi-master kernel: [    0.000000] Early memory node ranges
Mar 15 13:11:27 rpi-master kernel: [    0.000000]   node   0: [mem 0x0000000000000000-0x000000003b3fffff]
Mar 15 13:11:27 rpi-master kernel: [    0.000000] Initmem setup node 0 [mem 0x0000000000000000-0x000000003b3fffff]
Mar 15 13:11:27 rpi-master kernel: [    0.000000] percpu: Embedded 16 pages/cpu s35724 r8192 d21620 u65536
Mar 15 13:11:27 rpi-master kernel: [    0.000000] Built 1 zonelists, mobility grouping on.  Total pages: 240555
Mar 15 13:11:27 rpi-master kernel: [    0.000000] Kernel command line: coherent_pool=1M 8250.nr_uarts=1 snd_bcm2835.enable_compat_alsa=0 snd_bcm2835.enable_hdmi=1 video=HDMI-A-1:1920x1080M@60 vc_mem.mem_base=0x3ec00000 vc_mem.mem_size=0x40000000  console=ttyS0,115200 console=tty1 root=PARTUUID=04fd4e24-02 rootfstype=ext4 fsck.repair=yes rootwait
Mar 15 13:11:27 rpi-master kernel: [    0.000000] Dentry cache hash table entries: 131072 (order: 7, 524288 bytes, linear)
Mar 15 13:11:27 rpi-master kernel: [    0.000000] Inode-cache hash table entries: 65536 (order: 6, 262144 bytes, linear)
Mar 15 13:11:27 rpi-master kernel: [    0.000000] mem auto-init: stack:off, heap alloc:off, heap free:off
Mar 15 13:11:27 rpi-master kernel: [    0.000000] Memory: 681100K/970752K available (10240K kernel code, 1337K rwdata, 3076K rodata, 1024K init, 569K bss, 27508K reserved, 262144K cma-reserved)
Mar 15 13:11:27 rpi-master kernel: [    0.000000] SLUB: HWalign=64, Order=0-3, MinObjects=0, CPUs=4, Nodes=1
Mar 15 13:11:27 rpi-master kernel: [    0.000000] ftrace: allocating 33312 entries in 98 pages
Mar 15 13:11:27 rpi-master kernel: [    0.000000] ftrace: allocated 98 pages with 3 groups
Mar 15 13:11:27 rpi-master kernel: [    0.000000] trace event string verifier disabled
Mar 15 13:11:27 rpi-master kernel: [    0.000000] rcu: Hierarchical RCU implementation.
Mar 15 13:11:27 rpi-master kernel: [    0.000000] 	Rude variant of Tasks RCU enabled.
Mar 15 13:11:27 rpi-master kernel: [    0.000000] 	Tracing variant of Tasks RCU enabled.
Mar 15 13:11:27 rpi-master kernel: [    0.000000] rcu: RCU calculated value of scheduler-enlistment delay is 10 jiffies.
Mar 15 13:11:27 rpi-master kernel: [    0.000000] NR_IRQS: 16, nr_irqs: 16, preallocated irqs: 16
Mar 15 13:11:27 rpi-master kernel: [    0.000000] arch_timer: cp15 timer(s) running at 19.20MHz (phys).
Mar 15 13:11:27 rpi-master kernel: [    0.000000] clocksource: arch_sys_counter: mask: 0xffffffffffffff max_cycles: 0x46d987e47, max_idle_ns: 440795202767 ns
Mar 15 13:11:27 rpi-master kernel: [    0.000001] sched_clock: 56 bits at 19MHz, resolution 52ns, wraps every 4398046511078ns
Mar 15 13:11:27 rpi-master kernel: [    0.000023] Switching to timer-based delay loop, resolution 52ns
Mar 15 13:11:27 rpi-master kernel: [    0.000410] Console: colour dummy device 80x30
Mar 15 13:11:27 rpi-master kernel: [    0.001200] printk: console [tty1] enabled
Mar 15 13:11:27 rpi-master kernel: [    0.001277] Calibrating delay loop (skipped), value calculated using timer frequency.. 38.40 BogoMIPS (lpj=192000)
Mar 15 13:11:27 rpi-master kernel: [    0.001337] pid_max: default: 32768 minimum: 301
Mar 15 13:11:27 rpi-master kernel: [    0.001517] LSM: Security Framework initializing
Mar 15 13:11:27 rpi-master kernel: [    0.001763] Mount-cache hash table entries: 2048 (order: 1, 8192 bytes, linear)
Mar 15 13:11:27 rpi-master kernel: [    0.001815] Mountpoint-cache hash table entries: 2048 (order: 1, 8192 bytes, linear)
Mar 15 13:11:27 rpi-master kernel: [    0.003359] cgroup: Disabling memory control group subsystem
Mar 15 13:11:27 rpi-master kernel: [    0.003658] CPU: Testing write buffer coherency: ok
Mar 15 13:11:27 rpi-master kernel: [    0.004193] CPU0: thread -1, cpu 0, socket 0, mpidr 80000000
Mar 15 13:11:27 rpi-master kernel: [    0.005713] Setting up static identity map for 0x100000 - 0x10003c
Mar 15 13:11:27 rpi-master kernel: [    0.005924] rcu: Hierarchical SRCU implementation.
Mar 15 13:11:27 rpi-master kernel: [    0.006957] smp: Bringing up secondary CPUs ...
Mar 15 13:11:27 rpi-master kernel: [    0.008163] CPU1: thread -1, cpu 1, socket 0, mpidr 80000001
Mar 15 13:11:27 rpi-master kernel: [    0.009505] CPU2: thread -1, cpu 2, socket 0, mpidr 80000002
Mar 15 13:11:27 rpi-master kernel: [    0.010815] CPU3: thread -1, cpu 3, socket 0, mpidr 80000003
Mar 15 13:11:27 rpi-master kernel: [    0.010983] smp: Brought up 1 node, 4 CPUs
Mar 15 13:11:27 rpi-master kernel: [    0.011085] SMP: Total of 4 processors activated (153.60 BogoMIPS).
Mar 15 13:11:27 rpi-master kernel: [    0.011123] CPU: All CPU(s) started in HYP mode.
Mar 15 13:11:27 rpi-master kernel: [    0.011150] CPU: Virtualization extensions available.
Mar 15 13:11:27 rpi-master kernel: [    0.012131] devtmpfs: initialized
Mar 15 13:11:27 rpi-master kernel: [    0.030592] VFP support v0.3: implementor 41 architecture 3 part 40 variant 3 rev 4
Mar 15 13:11:27 rpi-master kernel: [    0.030866] clocksource: jiffies: mask: 0xffffffff max_cycles: 0xffffffff, max_idle_ns: 19112604462750000 ns
Mar 15 13:11:27 rpi-master kernel: [    0.030935] futex hash table entries: 1024 (order: 4, 65536 bytes, linear)
Mar 15 13:11:27 rpi-master kernel: [    0.043275] pinctrl core: initialized pinctrl subsystem
Mar 15 13:11:27 rpi-master kernel: [    0.044727] NET: Registered PF_NETLINK/PF_ROUTE protocol family
Mar 15 13:11:27 rpi-master kernel: [    0.049220] DMA: preallocated 1024 KiB pool for atomic coherent allocations
Mar 15 13:11:27 rpi-master kernel: [    0.054887] audit: initializing netlink subsys (disabled)
Mar 15 13:11:27 rpi-master kernel: [    0.055230] audit: type=2000 audit(0.050:1): state=initialized audit_enabled=0 res=1
Mar 15 13:11:27 rpi-master kernel: [    0.055894] thermal_sys: Registered thermal governor 'step_wise'
Mar 15 13:11:27 rpi-master kernel: [    0.056871] hw-breakpoint: found 5 (+1 reserved) breakpoint and 4 watchpoint registers.
Mar 15 13:11:27 rpi-master kernel: [    0.056939] hw-breakpoint: maximum watchpoint size is 8 bytes.
Mar 15 13:11:27 rpi-master kernel: [    0.057243] Serial: AMBA PL011 UART driver
Mar 15 13:11:27 rpi-master kernel: [    0.067417] bcm2835-mbox 3f00b880.mailbox: mailbox enabled
Mar 15 13:11:27 rpi-master kernel: [    0.100138] raspberrypi-firmware soc:firmware: Attached to firmware from 2023-02-22T10:48:01, variant start
Mar 15 13:11:27 rpi-master kernel: [    0.110154] raspberrypi-firmware soc:firmware: Firmware hash is 74a4b109e7f5be465332a1f102649d34f8498d05
Mar 15 13:11:27 rpi-master kernel: [    0.160118] Kprobes globally optimized
Mar 15 13:11:27 rpi-master kernel: [    0.165765] bcm2835-dma 3f007000.dma: DMA legacy API manager, dmachans=0x1
Mar 15 13:11:27 rpi-master kernel: [    0.168126] SCSI subsystem initialized
Mar 15 13:11:27 rpi-master kernel: [    0.168521] usbcore: registered new interface driver usbfs
Mar 15 13:11:27 rpi-master kernel: [    0.168610] usbcore: registered new interface driver hub
Mar 15 13:11:27 rpi-master kernel: [    0.168704] usbcore: registered new device driver usb
Mar 15 13:11:27 rpi-master kernel: [    0.169110] usb_phy_generic phy: supply vcc not found, using dummy regulator
Mar 15 13:11:27 rpi-master kernel: [    0.169338] usb_phy_generic phy: dummy supplies not allowed for exclusive requests
Mar 15 13:11:27 rpi-master kernel: [    0.169645] pps_core: LinuxPPS API ver. 1 registered
Mar 15 13:11:27 rpi-master kernel: [    0.169678] pps_core: Software ver. 5.3.6 - Copyright 2005-2007 Rodolfo Giometti <giometti@linux.it>
Mar 15 13:11:27 rpi-master kernel: [    0.169737] PTP clock support registered
Mar 15 13:11:27 rpi-master kernel: [    0.172259] clocksource: Switched to clocksource arch_sys_counter
Mar 15 13:11:27 rpi-master kernel: [    0.243084] VFS: Disk quotas dquot_6.6.0
Mar 15 13:11:27 rpi-master kernel: [    0.243243] VFS: Dquot-cache hash table entries: 1024 (order 0, 4096 bytes)
Mar 15 13:11:27 rpi-master kernel: [    0.243481] FS-Cache: Loaded
Mar 15 13:11:27 rpi-master kernel: [    0.243755] CacheFiles: Loaded
Mar 15 13:11:27 rpi-master kernel: [    0.244810] simple-framebuffer 3e402000.framebuffer: framebuffer at 0x3e402000, 0x7f8000 bytes
Mar 15 13:11:27 rpi-master kernel: [    0.244862] simple-framebuffer 3e402000.framebuffer: format=a8r8g8b8, mode=1920x1080x32, linelength=7680
Mar 15 13:11:27 rpi-master kernel: [    0.280511] Console: switching to colour frame buffer device 240x67
Mar 15 13:11:27 rpi-master kernel: [    0.313711] simple-framebuffer 3e402000.framebuffer: fb0: simplefb registered!
Mar 15 13:11:27 rpi-master kernel: [    0.323586] NET: Registered PF_INET protocol family
Mar 15 13:11:27 rpi-master kernel: [    0.324031] IP idents hash table entries: 16384 (order: 5, 131072 bytes, linear)
Mar 15 13:11:27 rpi-master kernel: [    0.325942] tcp_listen_portaddr_hash hash table entries: 512 (order: 0, 6144 bytes, linear)
Mar 15 13:11:27 rpi-master kernel: [    0.326231] Table-perturb hash table entries: 65536 (order: 6, 262144 bytes, linear)
Mar 15 13:11:27 rpi-master kernel: [    0.326476] TCP established hash table entries: 8192 (order: 3, 32768 bytes, linear)
Mar 15 13:11:27 rpi-master kernel: [    0.326825] TCP bind hash table entries: 8192 (order: 4, 65536 bytes, linear)
Mar 15 13:11:27 rpi-master kernel: [    0.327223] TCP: Hash tables configured (established 8192 bind 8192)
Mar 15 13:11:27 rpi-master kernel: [    0.327574] UDP hash table entries: 512 (order: 2, 16384 bytes, linear)
Mar 15 13:11:27 rpi-master kernel: [    0.327827] UDP-Lite hash table entries: 512 (order: 2, 16384 bytes, linear)
Mar 15 13:11:27 rpi-master kernel: [    0.328329] NET: Registered PF_UNIX/PF_LOCAL protocol family
Mar 15 13:11:27 rpi-master kernel: [    0.329585] RPC: Registered named UNIX socket transport module.
Mar 15 13:11:27 rpi-master kernel: [    0.329779] RPC: Registered udp transport module.
Mar 15 13:11:27 rpi-master kernel: [    0.329929] RPC: Registered tcp transport module.
Mar 15 13:11:27 rpi-master kernel: [    0.330079] RPC: Registered tcp NFSv4.1 backchannel transport module.
Mar 15 13:11:27 rpi-master kernel: [    1.883543] hw perfevents: enabled with armv7_cortex_a7 PMU driver, 7 counters available
Mar 15 13:11:27 rpi-master kernel: [    1.923243] Initialise system trusted keyrings
Mar 15 13:11:27 rpi-master kernel: [    1.923747] workingset: timestamp_bits=14 max_order=18 bucket_order=4
Mar 15 13:11:27 rpi-master kernel: [    1.933974] zbud: loaded
Mar 15 13:11:27 rpi-master kernel: [    1.936280] FS-Cache: Netfs 'nfs' registered for caching
Mar 15 13:11:27 rpi-master kernel: [    1.937416] NFS: Registering the id_resolver key type
Mar 15 13:11:27 rpi-master kernel: [    1.937622] Key type id_resolver registered
Mar 15 13:11:27 rpi-master kernel: [    1.937761] Key type id_legacy registered
Mar 15 13:11:27 rpi-master kernel: [    1.938017] nfs4filelayout_init: NFSv4 File Layout Driver Registering...
Mar 15 13:11:27 rpi-master kernel: [    1.938225] nfs4flexfilelayout_init: NFSv4 Flexfile Layout Driver Registering...
Mar 15 13:11:27 rpi-master kernel: [    1.939689] Key type asymmetric registered
Mar 15 13:11:27 rpi-master kernel: [    1.939830] Asymmetric key parser 'x509' registered
Mar 15 13:11:27 rpi-master kernel: [    1.940073] Block layer SCSI generic (bsg) driver version 0.4 loaded (major 247)
Mar 15 13:11:27 rpi-master kernel: [    1.940299] io scheduler mq-deadline registered
Mar 15 13:11:27 rpi-master kernel: [    1.940447] io scheduler kyber registered
Mar 15 13:11:27 rpi-master kernel: [    1.951529] Serial: 8250/16550 driver, 1 ports, IRQ sharing enabled
Mar 15 13:11:27 rpi-master kernel: [    1.954157] bcm2835-rng 3f104000.rng: hwrng registered
Mar 15 13:11:27 rpi-master kernel: [    1.963679] vc-mem: phys_addr:0x00000000 mem_base=0x3ec00000 mem_size:0x40000000(1024 MiB)
Mar 15 13:11:27 rpi-master kernel: [    1.973960] gpiomem-bcm2835 3f200000.gpiomem: Initialised: Registers at 0x3f200000
Mar 15 13:11:27 rpi-master kernel: [    1.995333] brd: module loaded
Mar 15 13:11:27 rpi-master kernel: [    2.014221] loop: module loaded
Mar 15 13:11:27 rpi-master kernel: [    2.023874] Loading iSCSI transport class v2.0-870.
Mar 15 13:11:27 rpi-master kernel: [    2.034671] usbcore: registered new interface driver lan78xx
Mar 15 13:11:27 rpi-master kernel: [    2.043524] usbcore: registered new interface driver smsc95xx
Mar 15 13:11:27 rpi-master kernel: [    2.052214] dwc_otg: version 3.00a 10-AUG-2012 (platform bus)
Mar 15 13:11:27 rpi-master kernel: [    2.789068] Core Release: 2.80a
Mar 15 13:11:27 rpi-master kernel: [    2.797664] Setting default values for core params
Mar 15 13:11:27 rpi-master kernel: [    2.806279] Finished setting default values for core params
Mar 15 13:11:27 rpi-master kernel: [    3.015349] Using Buffer DMA mode
Mar 15 13:11:27 rpi-master kernel: [    3.024059] Periodic Transfer Interrupt Enhancement - disabled
Mar 15 13:11:27 rpi-master kernel: [    3.032834] Multiprocessor Interrupt Enhancement - disabled
Mar 15 13:11:27 rpi-master kernel: [    3.041573] OTG VER PARAM: 0, OTG VER FLAG: 0
Mar 15 13:11:27 rpi-master kernel: [    3.050323] Dedicated Tx FIFOs mode
Mar 15 13:11:27 rpi-master kernel: [    3.059657] 
Mar 15 13:11:27 rpi-master kernel: [    3.059670] WARN::dwc_otg_hcd_init:1074: FIQ DMA bounce buffers: virt = 9ed04000 dma = 0xded04000 len=9024
Mar 15 13:11:27 rpi-master kernel: [    3.076954] FIQ FSM acceleration enabled for :
Mar 15 13:11:27 rpi-master kernel: [    3.076954] Non-periodic Split Transactions
Mar 15 13:11:27 rpi-master kernel: [    3.076954] Periodic Split Transactions
Mar 15 13:11:27 rpi-master kernel: [    3.076954] High-Speed Isochronous Endpoints
Mar 15 13:11:27 rpi-master kernel: [    3.076954] Interrupt/Control Split Transaction hack enabled
Mar 15 13:11:27 rpi-master kernel: [    3.120084] 
Mar 15 13:11:27 rpi-master kernel: [    3.120090] WARN::hcd_init_fiq:457: FIQ on core 1
Mar 15 13:11:27 rpi-master kernel: [    3.137076] 
Mar 15 13:11:27 rpi-master kernel: [    3.137081] WARN::hcd_init_fiq:458: FIQ ASM at 807fc54c length 36
Mar 15 13:11:27 rpi-master kernel: [    3.153823] 
Mar 15 13:11:27 rpi-master kernel: [    3.153827] WARN::hcd_init_fiq:497: MPHI regs_base at bb810000
Mar 15 13:11:27 rpi-master kernel: [    3.170400] dwc_otg 3f980000.usb: DWC OTG Controller
Mar 15 13:11:27 rpi-master kernel: [    3.178753] dwc_otg 3f980000.usb: new USB bus registered, assigned bus number 1
Mar 15 13:11:27 rpi-master kernel: [    3.187088] dwc_otg 3f980000.usb: irq 89, io mem 0x00000000
Mar 15 13:11:27 rpi-master kernel: [    3.195361] Init: Port Power? op_state=1
Mar 15 13:11:27 rpi-master kernel: [    3.203459] Init: Power Port (0)
Mar 15 13:11:27 rpi-master kernel: [    3.211767] usb usb1: New USB device found, idVendor=1d6b, idProduct=0002, bcdDevice= 5.15
Mar 15 13:11:27 rpi-master kernel: [    3.219934] usb usb1: New USB device strings: Mfr=3, Product=2, SerialNumber=1
Mar 15 13:11:27 rpi-master kernel: [    3.228028] usb usb1: Product: DWC OTG Controller
Mar 15 13:11:27 rpi-master kernel: [    3.236078] usb usb1: Manufacturer: Linux 5.15.84-v7+ dwc_otg_hcd
Mar 15 13:11:27 rpi-master kernel: [    3.244099] usb usb1: SerialNumber: 3f980000.usb
Mar 15 13:11:27 rpi-master kernel: [    3.252878] hub 1-0:1.0: USB hub found
Mar 15 13:11:27 rpi-master kernel: [    3.260784] hub 1-0:1.0: 1 port detected
Mar 15 13:11:27 rpi-master kernel: [    3.270004] usbcore: registered new interface driver usb-storage
Mar 15 13:11:27 rpi-master kernel: [    3.278171] mousedev: PS/2 mouse device common for all mice
Mar 15 13:11:27 rpi-master kernel: [    3.289992] sdhci: Secure Digital Host Controller Interface driver
Mar 15 13:11:27 rpi-master kernel: [    3.298103] sdhci: Copyright(c) Pierre Ossman
Mar 15 13:11:27 rpi-master kernel: [    3.306597] sdhci-pltfm: SDHCI platform and OF driver helper
Mar 15 13:11:27 rpi-master kernel: [    3.317407] ledtrig-cpu: registered to indicate activity on CPUs
Mar 15 13:11:27 rpi-master kernel: [    3.325783] hid: raw HID events driver (C) Jiri Kosina
Mar 15 13:11:27 rpi-master kernel: [    3.333902] usbcore: registered new interface driver usbhid
Mar 15 13:11:27 rpi-master kernel: [    3.341778] usbhid: USB HID core driver
Mar 15 13:11:27 rpi-master kernel: [    3.355204] Initializing XFRM netlink socket
Mar 15 13:11:27 rpi-master kernel: [    3.363259] NET: Registered PF_PACKET protocol family
Mar 15 13:11:27 rpi-master kernel: [    3.371309] Key type dns_resolver registered
Mar 15 13:11:27 rpi-master kernel: [    3.379819] Registering SWP/SWPB emulation handler
Mar 15 13:11:27 rpi-master kernel: [    3.388388] registered taskstats version 1
Mar 15 13:11:27 rpi-master kernel: [    3.396369] Indeed it is in host mode hprt0 = 00021501
Mar 15 13:11:27 rpi-master kernel: [    3.432293] Loading compiled-in X.509 certificates
Mar 15 13:11:27 rpi-master kernel: [    3.464698] Key type .fscrypt registered
Mar 15 13:11:27 rpi-master kernel: [    3.472357] Key type fscrypt-provisioning registered
Mar 15 13:11:27 rpi-master kernel: [    3.492870] uart-pl011 3f201000.serial: cts_event_workaround enabled
Mar 15 13:11:27 rpi-master kernel: [    3.500851] 3f201000.serial: ttyAMA0 at MMIO 0x3f201000 (irq = 114, base_baud = 0) is a PL011 rev2
Mar 15 13:11:27 rpi-master kernel: [    3.511015] bcm2835-aux-uart 3f215040.serial: there is not valid maps for state default
Mar 15 13:11:27 rpi-master kernel: [    3.519696] printk: console [ttyS0] disabled
Mar 15 13:11:27 rpi-master kernel: [    3.527604] 3f215040.serial: ttyS0 at MMIO 0x3f215040 (irq = 86, base_baud = 50000000) is a 16550
Mar 15 13:11:27 rpi-master kernel: [    3.625389] usb 1-1: new high-speed USB device number 2 using dwc_otg
Mar 15 13:11:27 rpi-master kernel: [    3.625529] Indeed it is in host mode hprt0 = 00001101
Mar 15 13:11:27 rpi-master kernel: [    3.862575] usb 1-1: New USB device found, idVendor=0424, idProduct=9514, bcdDevice= 2.00
Mar 15 13:11:27 rpi-master kernel: [    3.867394] printk: console [ttyS0] enabled
Mar 15 13:11:27 rpi-master kernel: [    3.873671] usb 1-1: New USB device strings: Mfr=0, Product=0, SerialNumber=0
Mar 15 13:11:27 rpi-master kernel: [    3.880195] bcm2835-wdt bcm2835-wdt: Broadcom BCM2835 watchdog timer
Mar 15 13:11:27 rpi-master kernel: [    3.883892] hub 1-1:1.0: USB hub found
Mar 15 13:11:27 rpi-master kernel: [    3.889339] bcm2835-power bcm2835-power: Broadcom BCM2835 power domains driver
Mar 15 13:11:27 rpi-master kernel: [    3.894743] hub 1-1:1.0: 5 ports detected
Mar 15 13:11:27 rpi-master kernel: [    3.902203] mmc-bcm2835 3f300000.mmcnr: mmc_debug:0 mmc_debug2:0
Mar 15 13:11:27 rpi-master kernel: [    4.222292] usb 1-1.1: new high-speed USB device number 3 using dwc_otg
Mar 15 13:11:27 rpi-master kernel: [    4.224918] mmc-bcm2835 3f300000.mmcnr: DMA channel allocated
Mar 15 13:11:27 rpi-master kernel: [    4.352558] usb 1-1.1: New USB device found, idVendor=0424, idProduct=ec00, bcdDevice= 2.00
Mar 15 13:11:27 rpi-master kernel: [    4.853028] usb 1-1.1: New USB device strings: Mfr=0, Product=0, SerialNumber=0
Mar 15 13:11:27 rpi-master kernel: [    4.869591] sdhost: log_buf @ 88600862 (ded07000)
Mar 15 13:11:27 rpi-master kernel: [    4.872037] smsc95xx v2.0.0
Mar 15 13:11:27 rpi-master kernel: [    4.941493] mmc0: sdhost-bcm2835 loaded - DMA enabled (>1)
Mar 15 13:11:27 rpi-master kernel: [    4.959138] of_cfs_init
Mar 15 13:11:27 rpi-master kernel: [    4.970451] of_cfs_init: OK
Mar 15 13:11:27 rpi-master kernel: [    5.010917] mmc1: new high speed SDIO card at address 0001
Mar 15 13:11:27 rpi-master kernel: [    5.034998] SMSC LAN8700 usb-001:003:01: attached PHY driver (mii_bus:phy_addr=usb-001:003:01, irq=POLL)
Mar 15 13:11:27 rpi-master kernel: [    5.054163] smsc95xx 1-1.1:1.0 eth0: register 'smsc95xx' at usb-3f980000.usb-1.1, smsc95xx USB 2.0 Ethernet, b8:27:eb:6b:e7:2b
Mar 15 13:11:27 rpi-master kernel: [    5.075094] Waiting for root device PARTUUID=04fd4e24-02...
Mar 15 13:11:27 rpi-master kernel: [    5.079421] mmc0: host does not support reading read-only switch, assuming write-enable
Mar 15 13:11:27 rpi-master kernel: [    5.112711] mmc0: new high speed SDHC card at address aaaa
Mar 15 13:11:27 rpi-master kernel: [    5.128294] mmcblk0: mmc0:aaaa SC32G 29.7 GiB 
Mar 15 13:11:27 rpi-master kernel: [    5.148270]  mmcblk0: p1 p2
Mar 15 13:11:27 rpi-master kernel: [    5.160767] mmcblk0: mmc0:aaaa SC32G 29.7 GiB (quirks 0x00004000)
Mar 15 13:11:27 rpi-master kernel: [    5.172328] usb 1-1.3: new low-speed USB device number 4 using dwc_otg
Mar 15 13:11:27 rpi-master kernel: [    5.225721] EXT4-fs (mmcblk0p2): mounted filesystem with ordered data mode. Opts: (null). Quota mode: none.
Mar 15 13:11:27 rpi-master kernel: [    5.244986] VFS: Mounted root (ext4 filesystem) readonly on device 179:2.
Mar 15 13:11:27 rpi-master kernel: [    5.271560] devtmpfs: mounted
Mar 15 13:11:27 rpi-master kernel: [    5.291916] Freeing unused kernel image (initmem) memory: 1024K
Mar 15 13:11:27 rpi-master kernel: [    5.307674] Run /sbin/init as init process
Mar 15 13:11:27 rpi-master mtp-probe: checking bus 1, device 3: "/sys/devices/platform/soc/3f980000.usb/usb1/1-1/1-1.1"
Mar 15 13:11:27 rpi-master kernel: [    5.351780] usb 1-1.3: New USB device found, idVendor=04b3, idProduct=3025, bcdDevice= 1.02
Mar 15 13:11:27 rpi-master mtp-probe: checking bus 1, device 4: "/sys/devices/platform/soc/3f980000.usb/usb1/1-1/1-1.3"
Mar 15 13:11:27 rpi-master kernel: [    5.369708] usb 1-1.3: New USB device strings: Mfr=1, Product=2, SerialNumber=0
Mar 15 13:11:27 rpi-master mtp-probe: bus: 1, device: 4 was not an MTP device
Mar 15 13:11:27 rpi-master mtp-probe: bus: 1, device: 3 was not an MTP device
Mar 15 13:11:27 rpi-master kernel: [    5.386495] usb 1-1.3: Product: USB NetVista Full Width Keyboard
Mar 15 13:11:27 rpi-master kernel: [    5.402014] usb 1-1.3: Manufacturer: CHICONY
Mar 15 13:11:27 rpi-master kernel: [    5.429702] input: CHICONY USB NetVista Full Width Keyboard as /devices/platform/soc/3f980000.usb/usb1/1-1/1-1.3/1-1.3:1.0/0003:04B3:3025.0001/input/input0
Mar 15 13:11:27 rpi-master kernel: [    5.523241] hid-generic 0003:04B3:3025.0001: input,hidraw0: USB HID v1.10 Keyboard [CHICONY USB NetVista Full Width Keyboard] on usb-3f980000.usb-1.3/input0
Mar 15 13:11:27 rpi-master kernel: [    6.223582] NET: Registered PF_INET6 protocol family
Mar 15 13:11:27 rpi-master kernel: [    6.240608] Segment Routing with IPv6
Mar 15 13:11:27 rpi-master kernel: [    6.254385] In-situ OAM (IOAM) with IPv6
Mar 15 13:11:27 rpi-master kernel: [    8.731508] fuse: init (API version 7.34)
Mar 15 13:11:27 rpi-master kernel: [    9.585352] EXT4-fs (mmcblk0p2): re-mounted. Opts: (null). Quota mode: none.
Mar 15 13:11:27 rpi-master kernel: [   11.108267] mc: Linux media interface: v0.10
Mar 15 13:11:27 rpi-master kernel: [   11.185481] vc_sm_cma: module is from the staging directory, the quality is unknown, you have been warned.
Mar 15 13:11:27 rpi-master kernel: [   11.188298] bcm2835_vc_sm_cma_probe: Videocore shared memory driver
Mar 15 13:11:27 rpi-master kernel: [   11.188354] [vc_sm_connected_init]: start
Mar 15 13:11:27 rpi-master kernel: [   11.212881] [vc_sm_connected_init]: installed successfully
Mar 15 13:11:27 rpi-master kernel: [   11.261267] snd_bcm2835: module is from the staging directory, the quality is unknown, you have been warned.
Mar 15 13:11:27 rpi-master kernel: [   11.274941] videodev: Linux video capture interface: v2.00
Mar 15 13:11:27 rpi-master kernel: [   11.356871] bcm2835_audio bcm2835_audio: card created with 8 channels
Mar 15 13:11:27 rpi-master kernel: [   11.372888] bcm2835_mmal_vchiq: module is from the staging directory, the quality is unknown, you have been warned.
Mar 15 13:11:27 rpi-master kernel: [   11.431474] bcm2835_isp: module is from the staging directory, the quality is unknown, you have been warned.
Mar 15 13:11:27 rpi-master kernel: [   11.455236] bcm2835-isp bcm2835-isp: Device node output[0] registered as /dev/video13
Mar 15 13:11:27 rpi-master kernel: [   11.455659] bcm2835-isp bcm2835-isp: Device node capture[0] registered as /dev/video14
Mar 15 13:11:27 rpi-master kernel: [   11.456029] bcm2835-isp bcm2835-isp: Device node capture[1] registered as /dev/video15
Mar 15 13:11:27 rpi-master kernel: [   11.456366] bcm2835-isp bcm2835-isp: Device node stats[2] registered as /dev/video16
Mar 15 13:11:27 rpi-master kernel: [   11.456401] bcm2835-isp bcm2835-isp: Register output node 0 with media controller
Mar 15 13:11:27 rpi-master kernel: [   11.456430] bcm2835-isp bcm2835-isp: Register capture node 1 with media controller
Mar 15 13:11:27 rpi-master kernel: [   11.456454] bcm2835-isp bcm2835-isp: Register capture node 2 with media controller
Mar 15 13:11:27 rpi-master kernel: [   11.456478] bcm2835-isp bcm2835-isp: Register capture node 3 with media controller
Mar 15 13:11:27 rpi-master kernel: [   11.467723] bcm2835-isp bcm2835-isp: Device node output[0] registered as /dev/video20
Mar 15 13:11:27 rpi-master kernel: [   11.468239] bcm2835-isp bcm2835-isp: Device node capture[0] registered as /dev/video21
Mar 15 13:11:27 rpi-master kernel: [   11.468672] bcm2835-isp bcm2835-isp: Device node capture[1] registered as /dev/video22
Mar 15 13:11:27 rpi-master kernel: [   11.469036] bcm2835-isp bcm2835-isp: Device node stats[2] registered as /dev/video23
Mar 15 13:11:27 rpi-master kernel: [   11.469072] bcm2835-isp bcm2835-isp: Register output node 0 with media controller
Mar 15 13:11:27 rpi-master kernel: [   11.469103] bcm2835-isp bcm2835-isp: Register capture node 1 with media controller
Mar 15 13:11:27 rpi-master kernel: [   11.469127] bcm2835-isp bcm2835-isp: Register capture node 2 with media controller
Mar 15 13:11:27 rpi-master kernel: [   11.469149] bcm2835-isp bcm2835-isp: Register capture node 3 with media controller
Mar 15 13:11:27 rpi-master kernel: [   11.469351] bcm2835-isp bcm2835-isp: Loaded V4L2 bcm2835-isp
Mar 15 13:11:27 rpi-master kernel: [   11.559683] bcm2835_v4l2: module is from the staging directory, the quality is unknown, you have been warned.
Mar 15 13:11:27 rpi-master kernel: [   11.631037] bcm2835_codec: module is from the staging directory, the quality is unknown, you have been warned.
Mar 15 13:11:27 rpi-master kernel: [   11.696503] bcm2835-codec bcm2835-codec: Device registered as /dev/video10
Mar 15 13:11:27 rpi-master kernel: [   11.696577] bcm2835-codec bcm2835-codec: Loaded V4L2 decode
Mar 15 13:11:27 rpi-master kernel: [   11.709709] bcm2835-codec bcm2835-codec: Device registered as /dev/video11
Mar 15 13:11:27 rpi-master kernel: [   11.709785] bcm2835-codec bcm2835-codec: Loaded V4L2 encode
Mar 15 13:11:27 rpi-master kernel: [   11.723094] bcm2835-codec bcm2835-codec: Device registered as /dev/video12
Mar 15 13:11:27 rpi-master kernel: [   11.723163] bcm2835-codec bcm2835-codec: Loaded V4L2 isp
Mar 15 13:11:27 rpi-master kernel: [   11.728668] bcm2835-codec bcm2835-codec: Device registered as /dev/video18
Mar 15 13:11:27 rpi-master kernel: [   11.728743] bcm2835-codec bcm2835-codec: Loaded V4L2 image_fx
Mar 15 13:11:27 rpi-master kernel: [   11.731927] bcm2835-codec bcm2835-codec: Device registered as /dev/video31
Mar 15 13:11:27 rpi-master kernel: [   11.732013] bcm2835-codec bcm2835-codec: Loaded V4L2 encode_image
Mar 15 13:11:27 rpi-master kernel: [   12.234132] cfg80211: Loading compiled-in X.509 certificates for regulatory database
Mar 15 13:11:27 rpi-master kernel: [   12.455222] cfg80211: Loaded X.509 cert 'sforshee: 00b28ddf47aef9cea7'
Mar 15 13:11:27 rpi-master kernel: [   12.473602] cfg80211: loaded regulatory.db is malformed or signature is missing/invalid
Mar 15 13:11:27 rpi-master kernel: [   12.834141] brcmfmac: brcmf_fw_alloc_request: using brcm/brcmfmac43430-sdio for chip BCM43430/1
Mar 15 13:11:27 rpi-master kernel: [   12.836287] usbcore: registered new interface driver brcmfmac
Mar 15 13:11:27 rpi-master kernel: [   12.871559] fb0: switching to vc4 from simple
Mar 15 13:11:27 rpi-master kernel: [   12.873733] Console: switching to colour dummy device 80x30
Mar 15 13:11:27 rpi-master kernel: [   12.889368] vc4-drm soc:gpu: bound 3f400000.hvs (ops vc4_hvs_ops [vc4])
Mar 15 13:11:27 rpi-master kernel: [   12.912691] Registered IR keymap rc-cec
Mar 15 13:11:27 rpi-master kernel: [   12.912943] rc rc0: vc4 as /devices/platform/soc/3f902000.hdmi/rc/rc0
Mar 15 13:11:27 rpi-master kernel: [   12.913225] input: vc4 as /devices/platform/soc/3f902000.hdmi/rc/rc0/input1
Mar 15 13:11:27 rpi-master kernel: [   12.926069] vc4-drm soc:gpu: bound 3f902000.hdmi (ops vc4_hdmi_ops [vc4])
Mar 15 13:11:27 rpi-master kernel: [   12.926766] vc4-drm soc:gpu: bound 3f004000.txp (ops vc4_txp_ops [vc4])
Mar 15 13:11:27 rpi-master kernel: [   12.927596] vc4-drm soc:gpu: bound 3f206000.pixelvalve (ops vc4_crtc_ops [vc4])
Mar 15 13:11:27 rpi-master kernel: [   12.932098] vc4-drm soc:gpu: bound 3f207000.pixelvalve (ops vc4_crtc_ops [vc4])
Mar 15 13:11:27 rpi-master kernel: [   12.946521] vc4-drm soc:gpu: bound 3f807000.pixelvalve (ops vc4_crtc_ops [vc4])
Mar 15 13:11:27 rpi-master kernel: [   12.947023] vc4-drm soc:gpu: bound 3fc00000.v3d (ops vc4_v3d_ops [vc4])
Mar 15 13:11:27 rpi-master kernel: [   12.987560] [drm] Initialized vc4 0.0.0 20140616 for soc:gpu on minor 0
Mar 15 13:11:27 rpi-master kernel: [   13.116829] brcmfmac: brcmf_fw_alloc_request: using brcm/brcmfmac43430-sdio for chip BCM43430/1
Mar 15 13:11:27 rpi-master kernel: [   13.122970] Console: switching to colour frame buffer device 240x67
Mar 15 13:11:27 rpi-master kernel: [   13.132678] brcmfmac: brcmf_c_preinit_dcmds: Firmware: BCM43430/1 wl0: Jul 19 2021 03:24:18 version 7.45.98 (TOB) (56df937 CY) FWID 01-8e14b897
Mar 15 13:11:27 rpi-master kernel: [   13.158924] vc4-drm soc:gpu: [drm] fb0: vc4drmfb frame buffer device
Mar 15 13:11:27 rpi-master kernel: [   14.175016] uart-pl011 3f201000.serial: no DMA platform data
Mar 15 13:11:27 rpi-master kernel: [   14.181453] 8021q: 802.1Q VLAN Support v1.8
Mar 15 13:11:27 rpi-master kernel: [   14.291369] Adding 102396k swap on /var/swap.  Priority:-2 extents:1 across:102396k SSFS
Mar 15 13:11:27 rpi-master rsyslogd: imuxsock: Acquired UNIX socket '/run/systemd/journal/syslog' (fd 3) from systemd.  [v8.2102.0]
Mar 15 13:11:27 rpi-master rsyslogd: [origin software="rsyslogd" swVersion="8.2102.0" x-pid="421" x-info="https://www.rsyslog.com"] start
Mar 15 13:11:28 rpi-master kernel: [   15.125872] smsc95xx 1-1.1:1.0 eth0: hardware isn't capable of remote wakeup
